<html>
<body>
<pre>
<h1>µVision Build Log</h1>
<h2>Project:</h2>
E:\work\gsensor_stm32\Proj\LED.uvproj
Project File Date:  11/15/2015

<h2>Output:</h2>
Rebuild target 'gsensor_stm32'
compiling main.c...
compiling example_main.c...
compiling stm32f0xx_gpio.c...
compiling stm32f0xx_rcc.c...
compiling stm32f0xx_spi.c...
compiling stm32f0xx_usart.c...
compiling stm32f0xx_exti.c...
compiling stm32f0xx_i2c.c...
compiling stm32f0xx_misc.c...
compiling stm32f0xx_syscfg.c...
compiling led.c...
compiling delay.c...
compiling lis3dh_driver.c...
..\My_Lib\lis3dh\lis3dh_driver.c(45): warning:  #223-D: function "SPI_Mems_Read_Reg" declared implicitly
..\My_Lib\lis3dh\lis3dh_driver.c(47): warning:  #940-D: missing return statement at end of non-void function "LIS3DH_ReadReg"
..\My_Lib\lis3dh\lis3dh_driver.c(61): warning:  #223-D: function "SPI_Mems_Write_Reg" declared implicitly
..\My_Lib\lis3dh\lis3dh_driver.c(63): warning:  #940-D: missing return statement at end of non-void function "LIS3DH_WriteReg"
compiling spi_mems.c...
compiling stm320518_eval.c...
assembling startup_stm32f0xx_ld.s...
startup_stm32f0xx_ld.s: error: A1023E: File "..\System\startup\startup_stm32f0xx_ld.s" could not be opened: No such file or directory
Target not created
Rebuild target 'gsensor_stm32'
compiling main.c...
compiling example_main.c...
compiling stm32f0xx_gpio.c...
compiling stm32f0xx_rcc.c...
compiling stm32f0xx_spi.c...
compiling stm32f0xx_usart.c...
compiling stm32f0xx_exti.c...
compiling stm32f0xx_i2c.c...
compiling stm32f0xx_misc.c...
compiling stm32f0xx_syscfg.c...
compiling led.c...
compiling delay.c...
compiling lis3dh_driver.c...
..\My_Lib\lis3dh\lis3dh_driver.c(45): warning:  #223-D: function "SPI_Mems_Read_Reg" declared implicitly
..\My_Lib\lis3dh\lis3dh_driver.c(47): warning:  #940-D: missing return statement at end of non-void function "LIS3DH_ReadReg"
..\My_Lib\lis3dh\lis3dh_driver.c(61): warning:  #223-D: function "SPI_Mems_Write_Reg" declared implicitly
..\My_Lib\lis3dh\lis3dh_driver.c(63): warning:  #940-D: missing return statement at end of non-void function "LIS3DH_WriteReg"
compiling spi_mems.c...
compiling stm320518_eval.c...
assembling startup_stm32f0xx_ld.s...
compiling system_stm32f0xx.c...
linking...
Program Size: Code=9392 RO-data=332 RW-data=104 ZI-data=1048  
FromELF: creating hex file...
"LED.axf" - 0 Error(s), 4 Warning(s).
Load "E:\\work\\gsensor_stm32\\Proj\\LED.AXF" 
Erase Done.
Programming Done.
Verify OK.
Build target 'gsensor_stm32'
compiling main.c...
compiling example_main.c...
..\User\example_main.c(83): warning:  #223-D: function "USART_init" declared implicitly
..\User\example_main.c(107): warning:  #192-D: unrecognized character escape sequence
..\User\example_main.c(115): warning:  #192-D: unrecognized character escape sequence
..\User\example_main.c(75): warning:  #177-D: variable "buffer" was declared but never referenced
linking...
Program Size: Code=14412 RO-data=332 RW-data=104 ZI-data=1048  
FromELF: creating hex file...
"LED.axf" - 0 Error(s), 4 Warning(s).
Load "E:\\work\\gsensor_stm32\\Proj\\LED.AXF" 
Erase Done.
Programming Done.
Verify OK.
