<html>
<body>
<pre>
<h1>µVision Build Log</h1>
<h2>Project:</h2>
Z:\work\bt_cube\gsensor\gsensor_stm32\Proj\LED.uvproj
Project File Date:  11/13/2015

<h2>Output:</h2>
Build target 'gsensor_stm32'
compiling main.c...
linking...
Program Size: Code=4536 RO-data=208 RW-data=40 ZI-data=1024  
FromELF: creating hex file...
".\LED.axf" - 0 Error(s), 0 Warning(s).
Load "Z:\\work\\bt_cube\\gsensor\\gsensor_stm32\\Proj\\LED.axf" 
Erase Done.
Programming Done.
Verify OK.
tm32f0xx_syscfg.c...
compiling led.c...
compiling delay.c...
compiling lis3dh_driver.c...
..\My_Lib\lis3dh\lis3dh_driver.c(45): warning:  #223-D: function "SPI_Mems_Read_Reg" declared implicitly
    *Data = SPI_Mems_Read_Reg( Reg );  
..\My_Lib\lis3dh\lis3dh_driver.c(47): warning:  #940-D: missing return statement at end of non-void function "LIS3DH_ReadReg"
  }
..\My_Lib\lis3dh\lis3dh_driver.c(61): warning:  #223-D: function "SPI_Mems_Write_Reg" declared implicitly
    SPI_Mems_Write_Reg(WriteAddr, Data);  
..\My_Lib\lis3dh\lis3dh_driver.c(63): warning:  #940-D: missing return statement at end of non-void function "LIS3DH_WriteReg"
  }
..\My_Lib\lis3dh\lis3dh_driver.c: 4 warnings, 0 errors
compiling spi_mems.c...
compiling stm320518_eval.c...
assembling startup_stm32f0xx_ld.s...
compiling system_stm32f0xx.c...
linking...
Program Size: Code=5416 RO-data=208 RW-data=52 ZI-data=1028  
FromELF: creating hex file...
".\LED.axf" - 0 Error(s), 4 Warning(s).
Load "Z:\\work\\bt_cube\\gsensor\\gsensor_stm32\\Proj\\LED.axf" 
Erase Done.
Programming Done.
Verify OK.
