ARM Linker, 5.02 [Build 28] [MDK-ARM Lite]

==============================================================================

Section Cross References

    main.o(.text) refers to stm32f0xx_usart.o(.text) for USART_SendData
    main.o(.text) refers to stm32f0xx_rcc.o(.text) for RCC_AHBPeriphClockCmd
    main.o(.text) refers to stm32f0xx_gpio.o(.text) for GPIO_PinAFConfig
    main.o(.text) refers to stm320518_eval.o(.text) for STM_EVAL_COMInit
    main.o(.text) refers to printf6.o(i.__0printf$6) for __2printf
    main.o(.text) refers to delay.o(.text) for Delay_Init
    main.o(.text) refers to led.o(.text) for LED_Init
    main.o(.text) refers to main.o(.bss) for USART_InitStructure
    main.o(.text) refers to main.o(.data) for cnt
    example_main.o(.text) refers to spi_mems.o(.text) for SPI_Mems_Init
    example_main.o(.text) refers to main.o(.text) for USART_init
    example_main.o(.text) refers to lis3dh_driver.o(.text) for LIS3DH_SetODR
    example_main.o(.text) refers to printf6.o(i.__0printf$6) for __2printf
    example_main.o(.text) refers to example_main.o(.data) for response
    stm32f0xx_gpio.o(.text) refers to stm32f0xx_rcc.o(.text) for RCC_AHBPeriphResetCmd
    stm32f0xx_rcc.o(.text) refers to uidiv.o(.text) for __aeabi_uidivmod
    stm32f0xx_rcc.o(.text) refers to stm32f0xx_rcc.o(.data) for APBAHBPrescTable
    stm32f0xx_spi.o(.text) refers to stm32f0xx_rcc.o(.text) for RCC_APB2PeriphResetCmd
    stm32f0xx_spi.o(.text) refers to uidiv.o(.text) for __aeabi_uidivmod
    stm32f0xx_usart.o(.text) refers to stm32f0xx_rcc.o(.text) for RCC_APB2PeriphResetCmd
    stm32f0xx_usart.o(.text) refers to uidiv.o(.text) for __aeabi_uidivmod
    stm32f0xx_i2c.o(.text) refers to stm32f0xx_rcc.o(.text) for RCC_APB1PeriphResetCmd
    led.o(.text) refers to stm32f0xx_rcc.o(.text) for RCC_AHBPeriphClockCmd
    led.o(.text) refers to stm32f0xx_gpio.o(.text) for GPIO_Init
    delay.o(.text) refers to delay.o(.data) for fac_ms
    lis3dh_driver.o(.text) refers to spi_mems.o(.text) for SPI_Mems_Read_Reg
    lis3dh_driver.o(.text) refers to lis3dh_driver.o(.data) for ODR_old_value
    spi_mems.o(.text) refers to stm32f0xx_rcc.o(.text) for RCC_APB2PeriphClockCmd
    spi_mems.o(.text) refers to stm32f0xx_gpio.o(.text) for GPIO_Init
    spi_mems.o(.text) refers to stm32f0xx_spi.o(.text) for SPI_Init
    stm320518_eval.o(.text) refers to stm32f0xx_rcc.o(.text) for RCC_AHBPeriphClockCmd
    stm320518_eval.o(.text) refers to stm32f0xx_gpio.o(.text) for GPIO_Init
    stm320518_eval.o(.text) refers to stm32f0xx_syscfg.o(.text) for SYSCFG_EXTILineConfig
    stm320518_eval.o(.text) refers to stm32f0xx_exti.o(.text) for EXTI_Init
    stm320518_eval.o(.text) refers to stm32f0xx_misc.o(.text) for NVIC_Init
    stm320518_eval.o(.text) refers to stm32f0xx_usart.o(.text) for USART_Init
    stm320518_eval.o(.text) refers to stm32f0xx_spi.o(.text) for SPI_Cmd
    stm320518_eval.o(.text) refers to stm32f0xx_i2c.o(.text) for I2C_Cmd
    stm320518_eval.o(.text) refers to stm320518_eval.o(.constdata) for GPIO_CLK
    stm320518_eval.o(.text) refers to stm320518_eval.o(.data) for GPIO_PORT
    startup_stm32f0xx_ld.o(RESET) refers to startup_stm32f0xx_ld.o(STACK) for __initial_sp
    startup_stm32f0xx_ld.o(RESET) refers to startup_stm32f0xx_ld.o(.text) for Reset_Handler
    startup_stm32f0xx_ld.o(.text) refers to system_stm32f0xx.o(.text) for SystemInit
    startup_stm32f0xx_ld.o(.text) refers to entry.o(.ARM.Collect$$$$00000000) for __main
    system_stm32f0xx.o(.text) refers to uidiv.o(.text) for __aeabi_uidivmod
    system_stm32f0xx.o(.text) refers to system_stm32f0xx.o(.data) for SystemCoreClock
    entry.o(.ARM.Collect$$$$00000000) refers (Special) to entry7b.o(.ARM.Collect$$$$00000008) for _main_clock
    entry.o(.ARM.Collect$$$$00000000) refers (Special) to entry8.o(.ARM.Collect$$$$00000009) for _main_init
    entry.o(.ARM.Collect$$$$00000000) refers (Special) to entry5.o(.ARM.Collect$$$$00000004) for _main_scatterload
    entry.o(.ARM.Collect$$$$00000000) refers (Special) to entry2.o(.ARM.Collect$$$$00000001) for _main_stk
    printfb.o(i.__0fprintf$bare) refers to printfb.o(i._printf_core) for _printf_core
    printfb.o(i.__0fprintf$bare) refers to main.o(.text) for fputc
    printfb.o(i.__0printf$bare) refers to printfb.o(i._printf_core) for _printf_core
    printfb.o(i.__0printf$bare) refers to main.o(.text) for fputc
    printfb.o(i.__0printf$bare) refers to stdout.o(.data) for __stdout
    printfb.o(i.__0snprintf$bare) refers to printfb.o(i._printf_core) for _printf_core
    printfb.o(i.__0snprintf$bare) refers to printfb.o(i._snputc) for _snputc
    printfb.o(i.__0sprintf$bare) refers to printfb.o(i._printf_core) for _printf_core
    printfb.o(i.__0sprintf$bare) refers to printfb.o(i._sputc) for _sputc
    printfb.o(i.__0vfprintf$bare) refers to printfb.o(i._printf_core) for _printf_core
    printfb.o(i.__0vfprintf$bare) refers to main.o(.text) for fputc
    printfb.o(i.__0vprintf$bare) refers to printfb.o(i._printf_core) for _printf_core
    printfb.o(i.__0vprintf$bare) refers to main.o(.text) for fputc
    printfb.o(i.__0vprintf$bare) refers to stdout.o(.data) for __stdout
    printfb.o(i.__0vsnprintf$bare) refers to printfb.o(i._printf_core) for _printf_core
    printfb.o(i.__0vsnprintf$bare) refers to printfb.o(i._snputc) for _snputc
    printfb.o(i.__0vsprintf$bare) refers to printfb.o(i._printf_core) for _printf_core
    printfb.o(i.__0vsprintf$bare) refers to printfb.o(i._sputc) for _sputc
    printf0.o(i.__0fprintf$0) refers to printf0.o(i._printf_core) for _printf_core
    printf0.o(i.__0fprintf$0) refers to main.o(.text) for fputc
    printf0.o(i.__0printf$0) refers to printf0.o(i._printf_core) for _printf_core
    printf0.o(i.__0printf$0) refers to main.o(.text) for fputc
    printf0.o(i.__0printf$0) refers to stdout.o(.data) for __stdout
    printf0.o(i.__0snprintf$0) refers to printf0.o(i._printf_core) for _printf_core
    printf0.o(i.__0snprintf$0) refers to printf0.o(i._snputc) for _snputc
    printf0.o(i.__0sprintf$0) refers to printf0.o(i._printf_core) for _printf_core
    printf0.o(i.__0sprintf$0) refers to printf0.o(i._sputc) for _sputc
    printf0.o(i.__0vfprintf$0) refers to printf0.o(i._printf_core) for _printf_core
    printf0.o(i.__0vfprintf$0) refers to main.o(.text) for fputc
    printf0.o(i.__0vprintf$0) refers to printf0.o(i._printf_core) for _printf_core
    printf0.o(i.__0vprintf$0) refers to main.o(.text) for fputc
    printf0.o(i.__0vprintf$0) refers to stdout.o(.data) for __stdout
    printf0.o(i.__0vsnprintf$0) refers to printf0.o(i._printf_core) for _printf_core
    printf0.o(i.__0vsnprintf$0) refers to printf0.o(i._snputc) for _snputc
    printf0.o(i.__0vsprintf$0) refers to printf0.o(i._printf_core) for _printf_core
    printf0.o(i.__0vsprintf$0) refers to printf0.o(i._sputc) for _sputc
    printf1.o(i.__0fprintf$1) refers to printf1.o(i._printf_core) for _printf_core
    printf1.o(i.__0fprintf$1) refers to main.o(.text) for fputc
    printf1.o(i.__0printf$1) refers to printf1.o(i._printf_core) for _printf_core
    printf1.o(i.__0printf$1) refers to main.o(.text) for fputc
    printf1.o(i.__0printf$1) refers to stdout.o(.data) for __stdout
    printf1.o(i.__0snprintf$1) refers to printf1.o(i._printf_core) for _printf_core
    printf1.o(i.__0snprintf$1) refers to printf1.o(i._snputc) for _snputc
    printf1.o(i.__0sprintf$1) refers to printf1.o(i._printf_core) for _printf_core
    printf1.o(i.__0sprintf$1) refers to printf1.o(i._sputc) for _sputc
    printf1.o(i.__0vfprintf$1) refers to printf1.o(i._printf_core) for _printf_core
    printf1.o(i.__0vfprintf$1) refers to main.o(.text) for fputc
    printf1.o(i.__0vprintf$1) refers to printf1.o(i._printf_core) for _printf_core
    printf1.o(i.__0vprintf$1) refers to main.o(.text) for fputc
    printf1.o(i.__0vprintf$1) refers to stdout.o(.data) for __stdout
    printf1.o(i.__0vsnprintf$1) refers to printf1.o(i._printf_core) for _printf_core
    printf1.o(i.__0vsnprintf$1) refers to printf1.o(i._snputc) for _snputc
    printf1.o(i.__0vsprintf$1) refers to printf1.o(i._printf_core) for _printf_core
    printf1.o(i.__0vsprintf$1) refers to printf1.o(i._sputc) for _sputc
    printf1.o(i._printf_core) refers to uidiv.o(.text) for __aeabi_uidivmod
    printf2.o(i.__0fprintf$2) refers to printf2.o(i._printf_core) for _printf_core
    printf2.o(i.__0fprintf$2) refers to main.o(.text) for fputc
    printf2.o(i.__0printf$2) refers to printf2.o(i._printf_core) for _printf_core
    printf2.o(i.__0printf$2) refers to main.o(.text) for fputc
    printf2.o(i.__0printf$2) refers to stdout.o(.data) for __stdout
    printf2.o(i.__0snprintf$2) refers to printf2.o(i._printf_core) for _printf_core
    printf2.o(i.__0snprintf$2) refers to printf2.o(i._snputc) for _snputc
    printf2.o(i.__0sprintf$2) refers to printf2.o(i._printf_core) for _printf_core
    printf2.o(i.__0sprintf$2) refers to printf2.o(i._sputc) for _sputc
    printf2.o(i.__0vfprintf$2) refers to printf2.o(i._printf_core) for _printf_core
    printf2.o(i.__0vfprintf$2) refers to main.o(.text) for fputc
    printf2.o(i.__0vprintf$2) refers to printf2.o(i._printf_core) for _printf_core
    printf2.o(i.__0vprintf$2) refers to main.o(.text) for fputc
    printf2.o(i.__0vprintf$2) refers to stdout.o(.data) for __stdout
    printf2.o(i.__0vsnprintf$2) refers to printf2.o(i._printf_core) for _printf_core
    printf2.o(i.__0vsnprintf$2) refers to printf2.o(i._snputc) for _snputc
    printf2.o(i.__0vsprintf$2) refers to printf2.o(i._printf_core) for _printf_core
    printf2.o(i.__0vsprintf$2) refers to printf2.o(i._sputc) for _sputc
    printf3.o(i.__0fprintf$3) refers to printf3.o(i._printf_core) for _printf_core
    printf3.o(i.__0fprintf$3) refers to main.o(.text) for fputc
    printf3.o(i.__0printf$3) refers to printf3.o(i._printf_core) for _printf_core
    printf3.o(i.__0printf$3) refers to main.o(.text) for fputc
    printf3.o(i.__0printf$3) refers to stdout.o(.data) for __stdout
    printf3.o(i.__0snprintf$3) refers to printf3.o(i._printf_core) for _printf_core
    printf3.o(i.__0snprintf$3) refers to printf3.o(i._snputc) for _snputc
    printf3.o(i.__0sprintf$3) refers to printf3.o(i._printf_core) for _printf_core
    printf3.o(i.__0sprintf$3) refers to printf3.o(i._sputc) for _sputc
    printf3.o(i.__0vfprintf$3) refers to printf3.o(i._printf_core) for _printf_core
    printf3.o(i.__0vfprintf$3) refers to main.o(.text) for fputc
    printf3.o(i.__0vprintf$3) refers to printf3.o(i._printf_core) for _printf_core
    printf3.o(i.__0vprintf$3) refers to main.o(.text) for fputc
    printf3.o(i.__0vprintf$3) refers to stdout.o(.data) for __stdout
    printf3.o(i.__0vsnprintf$3) refers to printf3.o(i._printf_core) for _printf_core
    printf3.o(i.__0vsnprintf$3) refers to printf3.o(i._snputc) for _snputc
    printf3.o(i.__0vsprintf$3) refers to printf3.o(i._printf_core) for _printf_core
    printf3.o(i.__0vsprintf$3) refers to printf3.o(i._sputc) for _sputc
    printf3.o(i._printf_core) refers to uidiv.o(.text) for __aeabi_uidivmod
    printf4.o(i.__0fprintf$4) refers to printf4.o(i._printf_core) for _printf_core
    printf4.o(i.__0fprintf$4) refers to main.o(.text) for fputc
    printf4.o(i.__0printf$4) refers to printf4.o(i._printf_core) for _printf_core
    printf4.o(i.__0printf$4) refers to main.o(.text) for fputc
    printf4.o(i.__0printf$4) refers to stdout.o(.data) for __stdout
    printf4.o(i.__0snprintf$4) refers to printf4.o(i._printf_core) for _printf_core
    printf4.o(i.__0snprintf$4) refers to printf4.o(i._snputc) for _snputc
    printf4.o(i.__0sprintf$4) refers to printf4.o(i._printf_core) for _printf_core
    printf4.o(i.__0sprintf$4) refers to printf4.o(i._sputc) for _sputc
    printf4.o(i.__0vfprintf$4) refers to printf4.o(i._printf_core) for _printf_core
    printf4.o(i.__0vfprintf$4) refers to main.o(.text) for fputc
    printf4.o(i.__0vprintf$4) refers to printf4.o(i._printf_core) for _printf_core
    printf4.o(i.__0vprintf$4) refers to main.o(.text) for fputc
    printf4.o(i.__0vprintf$4) refers to stdout.o(.data) for __stdout
    printf4.o(i.__0vsnprintf$4) refers to printf4.o(i._printf_core) for _printf_core
    printf4.o(i.__0vsnprintf$4) refers to printf4.o(i._snputc) for _snputc
    printf4.o(i.__0vsprintf$4) refers to printf4.o(i._printf_core) for _printf_core
    printf4.o(i.__0vsprintf$4) refers to printf4.o(i._sputc) for _sputc
    printf4.o(i._printf_core) refers to uldiv.o(.text) for __aeabi_uldivmod
    printf5.o(i.__0fprintf$5) refers to printf5.o(i._printf_core) for _printf_core
    printf5.o(i.__0fprintf$5) refers to main.o(.text) for fputc
    printf5.o(i.__0printf$5) refers to printf5.o(i._printf_core) for _printf_core
    printf5.o(i.__0printf$5) refers to main.o(.text) for fputc
    printf5.o(i.__0printf$5) refers to stdout.o(.data) for __stdout
    printf5.o(i.__0snprintf$5) refers to printf5.o(i._printf_core) for _printf_core
    printf5.o(i.__0snprintf$5) refers to printf5.o(i._snputc) for _snputc
    printf5.o(i.__0sprintf$5) refers to printf5.o(i._printf_core) for _printf_core
    printf5.o(i.__0sprintf$5) refers to printf5.o(i._sputc) for _sputc
    printf5.o(i.__0vfprintf$5) refers to printf5.o(i._printf_core) for _printf_core
    printf5.o(i.__0vfprintf$5) refers to main.o(.text) for fputc
    printf5.o(i.__0vprintf$5) refers to printf5.o(i._printf_core) for _printf_core
    printf5.o(i.__0vprintf$5) refers to main.o(.text) for fputc
    printf5.o(i.__0vprintf$5) refers to stdout.o(.data) for __stdout
    printf5.o(i.__0vsnprintf$5) refers to printf5.o(i._printf_core) for _printf_core
    printf5.o(i.__0vsnprintf$5) refers to printf5.o(i._snputc) for _snputc
    printf5.o(i.__0vsprintf$5) refers to printf5.o(i._printf_core) for _printf_core
    printf5.o(i.__0vsprintf$5) refers to printf5.o(i._sputc) for _sputc
    printf5.o(i._printf_core) refers to uldiv.o(.text) for __aeabi_uldivmod
    printf6.o(i.__0fprintf$6) refers to printf6.o(i._printf_core) for _printf_core
    printf6.o(i.__0fprintf$6) refers to main.o(.text) for fputc
    printf6.o(i.__0printf$6) refers to printf6.o(i._printf_core) for _printf_core
    printf6.o(i.__0printf$6) refers to main.o(.text) for fputc
    printf6.o(i.__0printf$6) refers to stdout.o(.data) for __stdout
    printf6.o(i.__0snprintf$6) refers to printf6.o(i._printf_core) for _printf_core
    printf6.o(i.__0snprintf$6) refers to printf6.o(i._snputc) for _snputc
    printf6.o(i.__0sprintf$6) refers to printf6.o(i._printf_core) for _printf_core
    printf6.o(i.__0sprintf$6) refers to printf6.o(i._sputc) for _sputc
    printf6.o(i.__0vfprintf$6) refers to printf6.o(i._printf_core) for _printf_core
    printf6.o(i.__0vfprintf$6) refers to main.o(.text) for fputc
    printf6.o(i.__0vprintf$6) refers to printf6.o(i._printf_core) for _printf_core
    printf6.o(i.__0vprintf$6) refers to main.o(.text) for fputc
    printf6.o(i.__0vprintf$6) refers to stdout.o(.data) for __stdout
    printf6.o(i.__0vsnprintf$6) refers to printf6.o(i._printf_core) for _printf_core
    printf6.o(i.__0vsnprintf$6) refers to printf6.o(i._snputc) for _snputc
    printf6.o(i.__0vsprintf$6) refers to printf6.o(i._printf_core) for _printf_core
    printf6.o(i.__0vsprintf$6) refers to printf6.o(i._sputc) for _sputc
    printf6.o(i._printf_core) refers to printf6.o(i._printf_pre_padding) for _printf_pre_padding
    printf6.o(i._printf_core) refers to printf6.o(i._printf_post_padding) for _printf_post_padding
    printf6.o(i._printf_core) refers to uidiv.o(.text) for __aeabi_uidivmod
    printf7.o(i.__0fprintf$7) refers to printf7.o(i._printf_core) for _printf_core
    printf7.o(i.__0fprintf$7) refers to main.o(.text) for fputc
    printf7.o(i.__0printf$7) refers to printf7.o(i._printf_core) for _printf_core
    printf7.o(i.__0printf$7) refers to main.o(.text) for fputc
    printf7.o(i.__0printf$7) refers to stdout.o(.data) for __stdout
    printf7.o(i.__0snprintf$7) refers to printf7.o(i._printf_core) for _printf_core
    printf7.o(i.__0snprintf$7) refers to printf7.o(i._snputc) for _snputc
    printf7.o(i.__0sprintf$7) refers to printf7.o(i._printf_core) for _printf_core
    printf7.o(i.__0sprintf$7) refers to printf7.o(i._sputc) for _sputc
    printf7.o(i.__0vfprintf$7) refers to printf7.o(i._printf_core) for _printf_core
    printf7.o(i.__0vfprintf$7) refers to main.o(.text) for fputc
    printf7.o(i.__0vprintf$7) refers to printf7.o(i._printf_core) for _printf_core
    printf7.o(i.__0vprintf$7) refers to main.o(.text) for fputc
    printf7.o(i.__0vprintf$7) refers to stdout.o(.data) for __stdout
    printf7.o(i.__0vsnprintf$7) refers to printf7.o(i._printf_core) for _printf_core
    printf7.o(i.__0vsnprintf$7) refers to printf7.o(i._snputc) for _snputc
    printf7.o(i.__0vsprintf$7) refers to printf7.o(i._printf_core) for _printf_core
    printf7.o(i.__0vsprintf$7) refers to printf7.o(i._sputc) for _sputc
    printf7.o(i._printf_core) refers to printf7.o(i._printf_pre_padding) for _printf_pre_padding
    printf7.o(i._printf_core) refers to printf7.o(i._printf_post_padding) for _printf_post_padding
    printf7.o(i._printf_core) refers to uldiv.o(.text) for __aeabi_uldivmod
    printf8.o(i.__0fprintf$8) refers to printf8.o(i._printf_core) for _printf_core
    printf8.o(i.__0fprintf$8) refers to main.o(.text) for fputc
    printf8.o(i.__0printf$8) refers to printf8.o(i._printf_core) for _printf_core
    printf8.o(i.__0printf$8) refers to main.o(.text) for fputc
    printf8.o(i.__0printf$8) refers to stdout.o(.data) for __stdout
    printf8.o(i.__0snprintf$8) refers to printf8.o(i._printf_core) for _printf_core
    printf8.o(i.__0snprintf$8) refers to printf8.o(i._snputc) for _snputc
    printf8.o(i.__0sprintf$8) refers to printf8.o(i._printf_core) for _printf_core
    printf8.o(i.__0sprintf$8) refers to printf8.o(i._sputc) for _sputc
    printf8.o(i.__0vfprintf$8) refers to printf8.o(i._printf_core) for _printf_core
    printf8.o(i.__0vfprintf$8) refers to main.o(.text) for fputc
    printf8.o(i.__0vprintf$8) refers to printf8.o(i._printf_core) for _printf_core
    printf8.o(i.__0vprintf$8) refers to main.o(.text) for fputc
    printf8.o(i.__0vprintf$8) refers to stdout.o(.data) for __stdout
    printf8.o(i.__0vsnprintf$8) refers to printf8.o(i._printf_core) for _printf_core
    printf8.o(i.__0vsnprintf$8) refers to printf8.o(i._snputc) for _snputc
    printf8.o(i.__0vsprintf$8) refers to printf8.o(i._printf_core) for _printf_core
    printf8.o(i.__0vsprintf$8) refers to printf8.o(i._sputc) for _sputc
    printf8.o(i._printf_core) refers to printf8.o(i._printf_pre_padding) for _printf_pre_padding
    printf8.o(i._printf_core) refers to printf8.o(i._printf_post_padding) for _printf_post_padding
    printf8.o(i._printf_core) refers to uldiv.o(.text) for __aeabi_uldivmod
    printfa.o(i.__0fprintf) refers (Special) to iusefp.o(.text) for __I$use$fp
    printfa.o(i.__0fprintf) refers to printfa.o(i._printf_core) for _printf_core
    printfa.o(i.__0fprintf) refers to main.o(.text) for fputc
    printfa.o(i.__0printf) refers (Special) to iusefp.o(.text) for __I$use$fp
    printfa.o(i.__0printf) refers to printfa.o(i._printf_core) for _printf_core
    printfa.o(i.__0printf) refers to main.o(.text) for fputc
    printfa.o(i.__0printf) refers to stdout.o(.data) for __stdout
    printfa.o(i.__0snprintf) refers (Special) to iusefp.o(.text) for __I$use$fp
    printfa.o(i.__0snprintf) refers to printfa.o(i._printf_core) for _printf_core
    printfa.o(i.__0snprintf) refers to printfa.o(i._snputc) for _snputc
    printfa.o(i.__0sprintf) refers (Special) to iusefp.o(.text) for __I$use$fp
    printfa.o(i.__0sprintf) refers to printfa.o(i._printf_core) for _printf_core
    printfa.o(i.__0sprintf) refers to printfa.o(i._sputc) for _sputc
    printfa.o(i.__0vfprintf) refers (Special) to iusefp.o(.text) for __I$use$fp
    printfa.o(i.__0vfprintf) refers to printfa.o(i._printf_core) for _printf_core
    printfa.o(i.__0vfprintf) refers to main.o(.text) for fputc
    printfa.o(i.__0vprintf) refers (Special) to iusefp.o(.text) for __I$use$fp
    printfa.o(i.__0vprintf) refers to printfa.o(i._printf_core) for _printf_core
    printfa.o(i.__0vprintf) refers to main.o(.text) for fputc
    printfa.o(i.__0vprintf) refers to stdout.o(.data) for __stdout
    printfa.o(i.__0vsnprintf) refers (Special) to iusefp.o(.text) for __I$use$fp
    printfa.o(i.__0vsnprintf) refers to printfa.o(i._printf_core) for _printf_core
    printfa.o(i.__0vsnprintf) refers to printfa.o(i._snputc) for _snputc
    printfa.o(i.__0vsprintf) refers (Special) to iusefp.o(.text) for __I$use$fp
    printfa.o(i.__0vsprintf) refers to printfa.o(i._printf_core) for _printf_core
    printfa.o(i.__0vsprintf) refers to printfa.o(i._sputc) for _sputc
    printfa.o(i._fp_digits) refers (Special) to iusefp.o(.text) for __I$use$fp
    printfa.o(i._fp_digits) refers to dmul.o(.text) for __aeabi_dmul
    printfa.o(i._fp_digits) refers to ddiv.o(.text) for __aeabi_ddiv
    printfa.o(i._fp_digits) refers to cdrcmple.o(.text) for __aeabi_cdrcmple
    printfa.o(i._fp_digits) refers to dadd.o(.text) for __aeabi_dadd
    printfa.o(i._fp_digits) refers to dfixul.o(.text) for __aeabi_d2ulz
    printfa.o(i._fp_digits) refers to uldiv.o(.text) for __aeabi_uldivmod
    printfa.o(i._printf_core) refers (Special) to iusefp.o(.text) for __I$use$fp
    printfa.o(i._printf_core) refers to printfa.o(i._printf_pre_padding) for _printf_pre_padding
    printfa.o(i._printf_core) refers to uldiv.o(.text) for __aeabi_uldivmod
    printfa.o(i._printf_core) refers to printfa.o(i._printf_post_padding) for _printf_post_padding
    printfa.o(i._printf_core) refers to printfa.o(i._fp_digits) for _fp_digits
    printfa.o(i._printf_core) refers to uidiv.o(.text) for __aeabi_uidivmod
    printfa.o(i._printf_post_padding) refers (Special) to iusefp.o(.text) for __I$use$fp
    printfa.o(i._printf_pre_padding) refers (Special) to iusefp.o(.text) for __I$use$fp
    printfa.o(i._snputc) refers (Special) to iusefp.o(.text) for __I$use$fp
    printfa.o(i._sputc) refers (Special) to iusefp.o(.text) for __I$use$fp
    entry2.o(.ARM.Collect$$$$00000001) refers to entry2.o(.ARM.Collect$$$$00002712) for __lit__00000000
    entry2.o(.ARM.Collect$$$$00002712) refers to startup_stm32f0xx_ld.o(STACK) for __initial_sp
    entry2.o(__vectab_stack_and_reset_area) refers to startup_stm32f0xx_ld.o(STACK) for __initial_sp
    entry2.o(__vectab_stack_and_reset_area) refers to entry.o(.ARM.Collect$$$$00000000) for __main
    entry5.o(.ARM.Collect$$$$00000004) refers to init.o(.text) for __scatterload
    entry8.o(.ARM.Collect$$$$00000009) refers to example_main.o(.text) for main
    uldiv.o(.text) refers to llushr.o(.text) for __aeabi_llsr
    uldiv.o(.text) refers to llshl.o(.text) for __aeabi_llsl
    dadd.o(.text) refers to llshl.o(.text) for __aeabi_llsl
    dadd.o(.text) refers to llsshr.o(.text) for __aeabi_lasr
    dadd.o(.text) refers to depilogue.o(.text) for _double_epilogue
    dmul.o(.text) refers to depilogue.o(.text) for _double_epilogue
    ddiv.o(.text) refers to depilogue.o(.text) for _double_round
    dfixul.o(.text) refers to llushr.o(.text) for __aeabi_llsr
    dfixul.o(.text) refers to llshl.o(.text) for __aeabi_llsl
    init.o(.text) refers to entry5.o(.ARM.Collect$$$$00000004) for __main_after_scatterload
    depilogue.o(.text) refers to depilogue.o(i.__ARM_clz) for __ARM_clz
    depilogue.o(.text) refers to llshl.o(.text) for __aeabi_llsl
    depilogue.o(.text) refers to llushr.o(.text) for __aeabi_llsr


==============================================================================

Removing Unused input sections from the image.

    Removing main.o(.rev16_text), (4 bytes).
    Removing main.o(.revsh_text), (4 bytes).
    Removing example_main.o(.rev16_text), (4 bytes).
    Removing example_main.o(.revsh_text), (4 bytes).
    Removing example_main.o(.bss), (64 bytes).
    Removing stm32f0xx_gpio.o(.rev16_text), (4 bytes).
    Removing stm32f0xx_gpio.o(.revsh_text), (4 bytes).
    Removing stm32f0xx_rcc.o(.rev16_text), (4 bytes).
    Removing stm32f0xx_rcc.o(.revsh_text), (4 bytes).
    Removing stm32f0xx_spi.o(.rev16_text), (4 bytes).
    Removing stm32f0xx_spi.o(.revsh_text), (4 bytes).
    Removing stm32f0xx_usart.o(.rev16_text), (4 bytes).
    Removing stm32f0xx_usart.o(.revsh_text), (4 bytes).
    Removing stm32f0xx_exti.o(.rev16_text), (4 bytes).
    Removing stm32f0xx_exti.o(.revsh_text), (4 bytes).
    Removing stm32f0xx_i2c.o(.rev16_text), (4 bytes).
    Removing stm32f0xx_i2c.o(.revsh_text), (4 bytes).
    Removing stm32f0xx_misc.o(.rev16_text), (4 bytes).
    Removing stm32f0xx_misc.o(.revsh_text), (4 bytes).
    Removing stm32f0xx_syscfg.o(.rev16_text), (4 bytes).
    Removing stm32f0xx_syscfg.o(.revsh_text), (4 bytes).
    Removing led.o(.rev16_text), (4 bytes).
    Removing led.o(.revsh_text), (4 bytes).
    Removing delay.o(.rev16_text), (4 bytes).
    Removing delay.o(.revsh_text), (4 bytes).
    Removing spi_mems.o(.rev16_text), (4 bytes).
    Removing spi_mems.o(.revsh_text), (4 bytes).
    Removing spi_mems.o(.data), (8 bytes).
    Removing stm320518_eval.o(.rev16_text), (4 bytes).
    Removing stm320518_eval.o(.revsh_text), (4 bytes).
    Removing startup_stm32f0xx_ld.o(HEAP), (512 bytes).
    Removing system_stm32f0xx.o(.rev16_text), (4 bytes).
    Removing system_stm32f0xx.o(.revsh_text), (4 bytes).
    Removing dadd.o(.text), (356 bytes).
    Removing dmul.o(.text), (208 bytes).
    Removing ddiv.o(.text), (240 bytes).
    Removing dfixul.o(.text), (64 bytes).
    Removing cdrcmple.o(.text), (40 bytes).
    Removing depilogue.o(.text), (192 bytes).
    Removing depilogue.o(i.__ARM_clz), (46 bytes).

40 unused section(s) (total 1850 bytes) removed from the image.

==============================================================================

Image Symbol Table

    Local Symbols

    Symbol Name                              Value     Ov Type        Size  Object(Section)

    ../clib/microlib/division.c              0x00000000   Number         0  uldiv.o ABSOLUTE
    ../clib/microlib/division.c              0x00000000   Number         0  uidiv.o ABSOLUTE
    ../clib/microlib/init/entry.s            0x00000000   Number         0  entry.o ABSOLUTE
    ../clib/microlib/init/entry.s            0x00000000   Number         0  entry5.o ABSOLUTE
    ../clib/microlib/init/entry.s            0x00000000   Number         0  entry8.o ABSOLUTE
    ../clib/microlib/init/entry.s            0x00000000   Number         0  entry7b.o ABSOLUTE
    ../clib/microlib/init/entry.s            0x00000000   Number         0  entry7a.o ABSOLUTE
    ../clib/microlib/init/entry.s            0x00000000   Number         0  entry2.o ABSOLUTE
    ../clib/microlib/longlong.c              0x00000000   Number         0  llushr.o ABSOLUTE
    ../clib/microlib/longlong.c              0x00000000   Number         0  llshl.o ABSOLUTE
    ../clib/microlib/longlong.c              0x00000000   Number         0  llsshr.o ABSOLUTE
    ../clib/microlib/printf/printf.c         0x00000000   Number         0  printf4.o ABSOLUTE
    ../clib/microlib/printf/printf.c         0x00000000   Number         0  printfb.o ABSOLUTE
    ../clib/microlib/printf/printf.c         0x00000000   Number         0  printf2.o ABSOLUTE
    ../clib/microlib/printf/printf.c         0x00000000   Number         0  printf0.o ABSOLUTE
    ../clib/microlib/printf/printf.c         0x00000000   Number         0  printf1.o ABSOLUTE
    ../clib/microlib/printf/printf.c         0x00000000   Number         0  printf5.o ABSOLUTE
    ../clib/microlib/printf/printf.c         0x00000000   Number         0  printf3.o ABSOLUTE
    ../clib/microlib/printf/printf.c         0x00000000   Number         0  printf6.o ABSOLUTE
    ../clib/microlib/printf/printf.c         0x00000000   Number         0  printf7.o ABSOLUTE
    ../clib/microlib/printf/printf.c         0x00000000   Number         0  printf8.o ABSOLUTE
    ../clib/microlib/printf/printf.c         0x00000000   Number         0  printfa.o ABSOLUTE
    ../clib/microlib/printf/stubs.s          0x00000000   Number         0  stubs.o ABSOLUTE
    ../clib/microlib/stdio/streams.c         0x00000000   Number         0  stdout.o ABSOLUTE
    ../clib/microlib/stubs.s                 0x00000000   Number         0  iusefp.o ABSOLUTE
    ../fplib/microlib/fpadd.c                0x00000000   Number         0  dadd.o ABSOLUTE
    ../fplib/microlib/fpdiv.c                0x00000000   Number         0  ddiv.o ABSOLUTE
    ../fplib/microlib/fpepilogue.c           0x00000000   Number         0  depilogue.o ABSOLUTE
    ../fplib/microlib/fpfix.c                0x00000000   Number         0  dfixul.o ABSOLUTE
    ../fplib/microlib/fpmul.c                0x00000000   Number         0  dmul.o ABSOLUTE
    ..\My_Lib\LED\led.c                      0x00000000   Number         0  led.o ABSOLUTE
    ..\My_Lib\delay\delay.c                  0x00000000   Number         0  delay.o ABSOLUTE
    ..\My_Lib\lis3dh\lis3dh_driver.c         0x00000000   Number         0  lis3dh_driver.o ABSOLUTE
    ..\ST_Lib\Communication\spi_mems.c       0x00000000   Number         0  spi_mems.o ABSOLUTE
    ..\ST_Lib\Communication\stm320518_eval.c 0x00000000   Number         0  stm320518_eval.o ABSOLUTE
    ..\ST_Lib\src\stm32f0xx_exti.c           0x00000000   Number         0  stm32f0xx_exti.o ABSOLUTE
    ..\ST_Lib\src\stm32f0xx_gpio.c           0x00000000   Number         0  stm32f0xx_gpio.o ABSOLUTE
    ..\ST_Lib\src\stm32f0xx_i2c.c            0x00000000   Number         0  stm32f0xx_i2c.o ABSOLUTE
    ..\ST_Lib\src\stm32f0xx_misc.c           0x00000000   Number         0  stm32f0xx_misc.o ABSOLUTE
    ..\ST_Lib\src\stm32f0xx_rcc.c            0x00000000   Number         0  stm32f0xx_rcc.o ABSOLUTE
    ..\ST_Lib\src\stm32f0xx_spi.c            0x00000000   Number         0  stm32f0xx_spi.o ABSOLUTE
    ..\ST_Lib\src\stm32f0xx_syscfg.c         0x00000000   Number         0  stm32f0xx_syscfg.o ABSOLUTE
    ..\ST_Lib\src\stm32f0xx_usart.c          0x00000000   Number         0  stm32f0xx_usart.o ABSOLUTE
    ..\System\CMSIS\system_stm32f0xx.c       0x00000000   Number         0  system_stm32f0xx.o ABSOLUTE
    ..\System\startup\startup_stm32f0xx_ld.s 0x00000000   Number         0  startup_stm32f0xx_ld.o ABSOLUTE
    ..\User\example_main.c                   0x00000000   Number         0  example_main.o ABSOLUTE
    ..\User\main.c                           0x00000000   Number         0  main.o ABSOLUTE
    ..\\My_Lib\\LED\\led.c                   0x00000000   Number         0  led.o ABSOLUTE
    ..\\My_Lib\\delay\\delay.c               0x00000000   Number         0  delay.o ABSOLUTE
    ..\\ST_Lib\\Communication\\spi_mems.c    0x00000000   Number         0  spi_mems.o ABSOLUTE
    ..\\ST_Lib\\Communication\\stm320518_eval.c 0x00000000   Number         0  stm320518_eval.o ABSOLUTE
    ..\\ST_Lib\\src\\stm32f0xx_exti.c        0x00000000   Number         0  stm32f0xx_exti.o ABSOLUTE
    ..\\ST_Lib\\src\\stm32f0xx_gpio.c        0x00000000   Number         0  stm32f0xx_gpio.o ABSOLUTE
    ..\\ST_Lib\\src\\stm32f0xx_i2c.c         0x00000000   Number         0  stm32f0xx_i2c.o ABSOLUTE
    ..\\ST_Lib\\src\\stm32f0xx_misc.c        0x00000000   Number         0  stm32f0xx_misc.o ABSOLUTE
    ..\\ST_Lib\\src\\stm32f0xx_rcc.c         0x00000000   Number         0  stm32f0xx_rcc.o ABSOLUTE
    ..\\ST_Lib\\src\\stm32f0xx_spi.c         0x00000000   Number         0  stm32f0xx_spi.o ABSOLUTE
    ..\\ST_Lib\\src\\stm32f0xx_syscfg.c      0x00000000   Number         0  stm32f0xx_syscfg.o ABSOLUTE
    ..\\ST_Lib\\src\\stm32f0xx_usart.c       0x00000000   Number         0  stm32f0xx_usart.o ABSOLUTE
    ..\\System\\CMSIS\\system_stm32f0xx.c    0x00000000   Number         0  system_stm32f0xx.o ABSOLUTE
    ..\\User\\example_main.c                 0x00000000   Number         0  example_main.o ABSOLUTE
    ..\\User\\main.c                         0x00000000   Number         0  main.o ABSOLUTE
    cdrcmple.s                               0x00000000   Number         0  cdrcmple.o ABSOLUTE
    dc.s                                     0x00000000   Number         0  dc.o ABSOLUTE
    handlers.s                               0x00000000   Number         0  handlers.o ABSOLUTE
    init.s                                   0x00000000   Number         0  init.o ABSOLUTE
    RESET                                    0x08000000   Section      176  startup_stm32f0xx_ld.o(RESET)
    .ARM.Collect$$$$00000000                 0x080000b0   Section        0  entry.o(.ARM.Collect$$$$00000000)
    .ARM.Collect$$$$00000001                 0x080000b0   Section        4  entry2.o(.ARM.Collect$$$$00000001)
    .ARM.Collect$$$$00000004                 0x080000b4   Section        4  entry5.o(.ARM.Collect$$$$00000004)
    .ARM.Collect$$$$00000008                 0x080000b8   Section        0  entry7b.o(.ARM.Collect$$$$00000008)
    .ARM.Collect$$$$00000009                 0x080000b8   Section        8  entry8.o(.ARM.Collect$$$$00000009)
    .ARM.Collect$$$$00002712                 0x080000c0   Section        4  entry2.o(.ARM.Collect$$$$00002712)
    __lit__00000000                          0x080000c0   Data           4  entry2.o(.ARM.Collect$$$$00002712)
    .text                                    0x080000c4   Section        0  main.o(.text)
    .text                                    0x080001b8   Section        0  example_main.o(.text)
    .text                                    0x080002e8   Section        0  stm32f0xx_gpio.o(.text)
    .text                                    0x080004c8   Section        0  stm32f0xx_rcc.o(.text)
    .text                                    0x08000ab4   Section        0  stm32f0xx_spi.o(.text)
    .text                                    0x08000e6c   Section        0  stm32f0xx_usart.o(.text)
    .text                                    0x080013dc   Section        0  stm32f0xx_exti.o(.text)
    .text                                    0x080014e0   Section        0  stm32f0xx_i2c.o(.text)
    .text                                    0x08001944   Section        0  stm32f0xx_misc.o(.text)
    .text                                    0x080019f8   Section        0  stm32f0xx_syscfg.o(.text)
    .text                                    0x08001ae8   Section        0  led.o(.text)
    .text                                    0x08001b2c   Section        0  delay.o(.text)
    .text                                    0x08001bdc   Section        0  lis3dh_driver.o(.text)
    .text                                    0x08002c68   Section        0  spi_mems.o(.text)
    SPI_MEMS_CS_LOW                          0x08002e1f   Thumb Code    14  spi_mems.o(.text)
    SPI_MEMS_CS_HIGH                         0x08002e2d   Thumb Code    14  spi_mems.o(.text)
    .text                                    0x08002e40   Section        0  stm320518_eval.o(.text)
    .text                                    0x08003310   Section       28  startup_stm32f0xx_ld.o(.text)
    .text                                    0x0800332c   Section        0  system_stm32f0xx.o(.text)
    SetSysClock                              0x0800332d   Thumb Code   200  system_stm32f0xx.o(.text)
    .text                                    0x0800351c   Section        0  uidiv.o(.text)
    .text                                    0x08003548   Section       36  init.o(.text)
    i.__0printf$6                            0x0800356c   Section        0  printf6.o(i.__0printf$6)
    i.__scatterload_copy                     0x0800358c   Section       14  handlers.o(i.__scatterload_copy)
    i.__scatterload_null                     0x0800359a   Section        2  handlers.o(i.__scatterload_null)
    i.__scatterload_zeroinit                 0x0800359c   Section       14  handlers.o(i.__scatterload_zeroinit)
    i._printf_core                           0x080035ac   Section        0  printf6.o(i._printf_core)
    _printf_core                             0x080035ad   Thumb Code   768  printf6.o(i._printf_core)
    i._printf_post_padding                   0x080038b0   Section        0  printf6.o(i._printf_post_padding)
    _printf_post_padding                     0x080038b1   Thumb Code    32  printf6.o(i._printf_post_padding)
    i._printf_pre_padding                    0x080038d0   Section        0  printf6.o(i._printf_pre_padding)
    _printf_pre_padding                      0x080038d1   Thumb Code    44  printf6.o(i._printf_pre_padding)
    .constdata                               0x080038fc   Section      124  stm320518_eval.o(.constdata)
    .data                                    0x20000000   Section        2  main.o(.data)
    .data                                    0x20000002   Section        1  example_main.o(.data)
    .data                                    0x20000003   Section       16  stm32f0xx_rcc.o(.data)
    APBAHBPrescTable                         0x20000003   Data          16  stm32f0xx_rcc.o(.data)
    .data                                    0x20000014   Section        3  delay.o(.data)
    .data                                    0x20000017   Section        1  lis3dh_driver.o(.data)
    ODR_old_value                            0x20000017   Data           1  lis3dh_driver.o(.data)
    .data                                    0x20000018   Section       56  stm320518_eval.o(.data)
    .data                                    0x20000050   Section       20  system_stm32f0xx.o(.data)
    .data                                    0x20000064   Section        4  stdout.o(.data)
    .bss                                     0x20000068   Section       24  main.o(.bss)
    STACK                                    0x20000080   Section     1024  startup_stm32f0xx_ld.o(STACK)

    Global Symbols

    Symbol Name                              Value     Ov Type        Size  Object(Section)

    BuildAttributes$$THM_ISAv3M$S$PE$A:L22$X:L11$S22$IEEE1$IW$USESV6$~STKCKD$USESV7$~SHL$OSPACE$ROPI$EBA8$MICROLIB$REQ8$PRES8$EABIv2 0x00000000   Number         0  anon$$obj.o ABSOLUTE
    __ARM_use_no_argv                        0x00000000   Number         0  example_main.o ABSOLUTE
    _printf_a                                0x00000000   Number         0  stubs.o ABSOLUTE
    _printf_c                                0x00000000   Number         0  stubs.o ABSOLUTE
    _printf_charcount                        0x00000000   Number         0  stubs.o ABSOLUTE
    _printf_d                                0x00000000   Number         0  stubs.o ABSOLUTE
    _printf_e                                0x00000000   Number         0  stubs.o ABSOLUTE
    _printf_f                                0x00000000   Number         0  stubs.o ABSOLUTE
    _printf_flags                            0x00000000   Number         0  stubs.o ABSOLUTE
    _printf_fp_dec                           0x00000000   Number         0  stubs.o ABSOLUTE
    _printf_fp_hex                           0x00000000   Number         0  stubs.o ABSOLUTE
    _printf_g                                0x00000000   Number         0  stubs.o ABSOLUTE
    _printf_i                                0x00000000   Number         0  stubs.o ABSOLUTE
    _printf_int_dec                          0x00000000   Number         0  stubs.o ABSOLUTE
    _printf_l                                0x00000000   Number         0  stubs.o ABSOLUTE
    _printf_lc                               0x00000000   Number         0  stubs.o ABSOLUTE
    _printf_ll                               0x00000000   Number         0  stubs.o ABSOLUTE
    _printf_lld                              0x00000000   Number         0  stubs.o ABSOLUTE
    _printf_lli                              0x00000000   Number         0  stubs.o ABSOLUTE
    _printf_llo                              0x00000000   Number         0  stubs.o ABSOLUTE
    _printf_llu                              0x00000000   Number         0  stubs.o ABSOLUTE
    _printf_llx                              0x00000000   Number         0  stubs.o ABSOLUTE
    _printf_longlong_dec                     0x00000000   Number         0  stubs.o ABSOLUTE
    _printf_longlong_hex                     0x00000000   Number         0  stubs.o ABSOLUTE
    _printf_longlong_oct                     0x00000000   Number         0  stubs.o ABSOLUTE
    _printf_ls                               0x00000000   Number         0  stubs.o ABSOLUTE
    _printf_mbtowc                           0x00000000   Number         0  stubs.o ABSOLUTE
    _printf_n                                0x00000000   Number         0  stubs.o ABSOLUTE
    _printf_o                                0x00000000   Number         0  stubs.o ABSOLUTE
    _printf_p                                0x00000000   Number         0  stubs.o ABSOLUTE
    _printf_percent                          0x00000000   Number         0  stubs.o ABSOLUTE
    _printf_pre_padding                      0x00000000   Number         0  stubs.o ABSOLUTE
    _printf_return_value                     0x00000000   Number         0  stubs.o ABSOLUTE
    _printf_s                                0x00000000   Number         0  stubs.o ABSOLUTE
    _printf_sizespec                         0x00000000   Number         0  stubs.o ABSOLUTE
    _printf_str                              0x00000000   Number         0  stubs.o ABSOLUTE
    _printf_truncate_signed                  0x00000000   Number         0  stubs.o ABSOLUTE
    _printf_truncate_unsigned                0x00000000   Number         0  stubs.o ABSOLUTE
    _printf_u                                0x00000000   Number         0  stubs.o ABSOLUTE
    _printf_wc                               0x00000000   Number         0  stubs.o ABSOLUTE
    _printf_wctomb                           0x00000000   Number         0  stubs.o ABSOLUTE
    _printf_widthprec                        0x00000000   Number         0  stubs.o ABSOLUTE
    _printf_x                                0x00000000   Number         0  stubs.o ABSOLUTE
    __decompress                              - Undefined Weak Reference
    _clock_init                               - Undefined Weak Reference
    __Vectors_Size                           0x000000b0   Number         0  startup_stm32f0xx_ld.o ABSOLUTE
    __Vectors                                0x08000000   Data           4  startup_stm32f0xx_ld.o(RESET)
    __Vectors_End                            0x080000b0   Data           0  startup_stm32f0xx_ld.o(RESET)
    __main                                   0x080000b1   Thumb Code     0  entry.o(.ARM.Collect$$$$00000000)
    _main_stk                                0x080000b1   Thumb Code     0  entry2.o(.ARM.Collect$$$$00000001)
    _main_scatterload                        0x080000b5   Thumb Code     0  entry5.o(.ARM.Collect$$$$00000004)
    __main_after_scatterload                 0x080000b9   Thumb Code     0  entry5.o(.ARM.Collect$$$$00000004)
    _main_clock                              0x080000b9   Thumb Code     0  entry7b.o(.ARM.Collect$$$$00000008)
    _main_init                               0x080000b9   Thumb Code     0  entry8.o(.ARM.Collect$$$$00000009)
    fputc                                    0x080000c5   Thumb Code    32  main.o(.text)
    USART_Configuration                      0x080000e5   Thumb Code   116  main.o(.text)
    USART_init                               0x08000159   Thumb Code    32  main.o(.text)
    t_main                                   0x08000179   Thumb Code    26  main.o(.text)
    ALL_Config                               0x08000193   Thumb Code    14  main.o(.text)
    InitHardware                             0x080001b9   Thumb Code     2  example_main.o(.text)
    EKSTM32_LEDOff                           0x080001bb   Thumb Code     2  example_main.o(.text)
    main                                     0x080001bd   Thumb Code   160  example_main.o(.text)
    GPIO_DeInit                              0x080002e9   Thumb Code   132  stm32f0xx_gpio.o(.text)
    GPIO_Init                                0x0800036d   Thumb Code   144  stm32f0xx_gpio.o(.text)
    GPIO_StructInit                          0x080003fd   Thumb Code    20  stm32f0xx_gpio.o(.text)
    GPIO_PinLockConfig                       0x08000411   Thumb Code    22  stm32f0xx_gpio.o(.text)
    GPIO_ReadInputDataBit                    0x08000427   Thumb Code    18  stm32f0xx_gpio.o(.text)
    GPIO_ReadInputData                       0x08000439   Thumb Code     6  stm32f0xx_gpio.o(.text)
    GPIO_ReadOutputDataBit                   0x0800043f   Thumb Code    18  stm32f0xx_gpio.o(.text)
    GPIO_ReadOutputData                      0x08000451   Thumb Code     6  stm32f0xx_gpio.o(.text)
    GPIO_SetBits                             0x08000457   Thumb Code     4  stm32f0xx_gpio.o(.text)
    GPIO_ResetBits                           0x0800045b   Thumb Code     4  stm32f0xx_gpio.o(.text)
    GPIO_WriteBit                            0x0800045f   Thumb Code    12  stm32f0xx_gpio.o(.text)
    GPIO_Write                               0x0800046b   Thumb Code     4  stm32f0xx_gpio.o(.text)
    GPIO_PinAFConfig                         0x0800046f   Thumb Code    68  stm32f0xx_gpio.o(.text)
    RCC_DeInit                               0x080004c9   Thumb Code   104  stm32f0xx_rcc.o(.text)
    RCC_HSEConfig                            0x08000531   Thumb Code    12  stm32f0xx_rcc.o(.text)
    RCC_GetFlagStatus                        0x0800053d   Thumb Code    66  stm32f0xx_rcc.o(.text)
    RCC_WaitForHSEStartUp                    0x0800057f   Thumb Code    52  stm32f0xx_rcc.o(.text)
    RCC_AdjustHSICalibrationValue            0x080005b3   Thumb Code    26  stm32f0xx_rcc.o(.text)
    RCC_HSICmd                               0x080005cd   Thumb Code    32  stm32f0xx_rcc.o(.text)
    RCC_AdjustHSI14CalibrationValue          0x080005ed   Thumb Code    26  stm32f0xx_rcc.o(.text)
    RCC_HSI14Cmd                             0x08000607   Thumb Code    32  stm32f0xx_rcc.o(.text)
    RCC_HSI14ADCRequestCmd                   0x08000627   Thumb Code    32  stm32f0xx_rcc.o(.text)
    RCC_LSEConfig                            0x08000647   Thumb Code    34  stm32f0xx_rcc.o(.text)
    RCC_LSEDriveConfig                       0x08000669   Thumb Code    22  stm32f0xx_rcc.o(.text)
    RCC_LSICmd                               0x0800067f   Thumb Code    32  stm32f0xx_rcc.o(.text)
    RCC_PLLConfig                            0x0800069f   Thumb Code    30  stm32f0xx_rcc.o(.text)
    RCC_PLLCmd                               0x080006bd   Thumb Code    36  stm32f0xx_rcc.o(.text)
    RCC_PREDIV1Config                        0x080006e1   Thumb Code    24  stm32f0xx_rcc.o(.text)
    RCC_ClockSecuritySystemCmd               0x080006f9   Thumb Code    36  stm32f0xx_rcc.o(.text)
    RCC_MCOConfig                            0x0800071d   Thumb Code     6  stm32f0xx_rcc.o(.text)
    RCC_SYSCLKConfig                         0x08000723   Thumb Code    24  stm32f0xx_rcc.o(.text)
    RCC_GetSYSCLKSource                      0x0800073b   Thumb Code    10  stm32f0xx_rcc.o(.text)
    RCC_HCLKConfig                           0x08000745   Thumb Code    28  stm32f0xx_rcc.o(.text)
    RCC_PCLKConfig                           0x08000761   Thumb Code    30  stm32f0xx_rcc.o(.text)
    RCC_ADCCLKConfig                         0x0800077f   Thumb Code    52  stm32f0xx_rcc.o(.text)
    RCC_CECCLKConfig                         0x080007b3   Thumb Code    22  stm32f0xx_rcc.o(.text)
    RCC_I2CCLKConfig                         0x080007c9   Thumb Code    22  stm32f0xx_rcc.o(.text)
    RCC_USARTCLKConfig                       0x080007df   Thumb Code    22  stm32f0xx_rcc.o(.text)
    RCC_GetClocksFreq                        0x080007f5   Thumb Code   368  stm32f0xx_rcc.o(.text)
    RCC_RTCCLKConfig                         0x08000965   Thumb Code    12  stm32f0xx_rcc.o(.text)
    RCC_RTCCLKCmd                            0x08000971   Thumb Code    36  stm32f0xx_rcc.o(.text)
    RCC_BackupResetCmd                       0x08000995   Thumb Code    36  stm32f0xx_rcc.o(.text)
    RCC_AHBPeriphClockCmd                    0x080009b9   Thumb Code    28  stm32f0xx_rcc.o(.text)
    RCC_APB2PeriphClockCmd                   0x080009d5   Thumb Code    28  stm32f0xx_rcc.o(.text)
    RCC_APB1PeriphClockCmd                   0x080009f1   Thumb Code    28  stm32f0xx_rcc.o(.text)
    RCC_AHBPeriphResetCmd                    0x08000a0d   Thumb Code    28  stm32f0xx_rcc.o(.text)
    RCC_APB2PeriphResetCmd                   0x08000a29   Thumb Code    28  stm32f0xx_rcc.o(.text)
    RCC_APB1PeriphResetCmd                   0x08000a45   Thumb Code    28  stm32f0xx_rcc.o(.text)
    RCC_ITConfig                             0x08000a61   Thumb Code    28  stm32f0xx_rcc.o(.text)
    RCC_ClearFlag                            0x08000a7d   Thumb Code    16  stm32f0xx_rcc.o(.text)
    RCC_GetITStatus                          0x08000a8d   Thumb Code    20  stm32f0xx_rcc.o(.text)
    RCC_ClearITPendingBit                    0x08000aa1   Thumb Code     6  stm32f0xx_rcc.o(.text)
    SPI_I2S_DeInit                           0x08000ab5   Thumb Code    52  stm32f0xx_spi.o(.text)
    SPI_StructInit                           0x08000ae9   Thumb Code    30  stm32f0xx_spi.o(.text)
    SPI_Init                                 0x08000b07   Thumb Code    76  stm32f0xx_spi.o(.text)
    I2S_StructInit                           0x08000b53   Thumb Code    20  stm32f0xx_spi.o(.text)
    I2S_Init                                 0x08000b67   Thumb Code   228  stm32f0xx_spi.o(.text)
    SPI_Cmd                                  0x08000c4b   Thumb Code    26  stm32f0xx_spi.o(.text)
    SPI_TIModeCmd                            0x08000c65   Thumb Code    26  stm32f0xx_spi.o(.text)
    I2S_Cmd                                  0x08000c7f   Thumb Code    26  stm32f0xx_spi.o(.text)
    SPI_DataSizeConfig                       0x08000c99   Thumb Code    20  stm32f0xx_spi.o(.text)
    SPI_RxFIFOThresholdConfig                0x08000cad   Thumb Code    16  stm32f0xx_spi.o(.text)
    SPI_BiDirectionalLineConfig              0x08000cbd   Thumb Code    28  stm32f0xx_spi.o(.text)
    SPI_NSSInternalSoftwareConfig            0x08000cd9   Thumb Code    32  stm32f0xx_spi.o(.text)
    SPI_SSOutputCmd                          0x08000cf9   Thumb Code    24  stm32f0xx_spi.o(.text)
    SPI_NSSPulseModeCmd                      0x08000d11   Thumb Code    26  stm32f0xx_spi.o(.text)
    SPI_SendData8                            0x08000d2b   Thumb Code    10  stm32f0xx_spi.o(.text)
    SPI_I2S_SendData16                       0x08000d35   Thumb Code     4  stm32f0xx_spi.o(.text)
    SPI_ReceiveData8                         0x08000d39   Thumb Code    12  stm32f0xx_spi.o(.text)
    SPI_I2S_ReceiveData16                    0x08000d45   Thumb Code     6  stm32f0xx_spi.o(.text)
    SPI_CRCLengthConfig                      0x08000d4b   Thumb Code    16  stm32f0xx_spi.o(.text)
    SPI_CalculateCRC                         0x08000d5b   Thumb Code    26  stm32f0xx_spi.o(.text)
    SPI_TransmitCRC                          0x08000d75   Thumb Code    12  stm32f0xx_spi.o(.text)
    SPI_GetCRC                               0x08000d81   Thumb Code    16  stm32f0xx_spi.o(.text)
    SPI_GetCRCPolynomial                     0x08000d91   Thumb Code     6  stm32f0xx_spi.o(.text)
    SPI_I2S_DMACmd                           0x08000d97   Thumb Code    20  stm32f0xx_spi.o(.text)
    SPI_LastDMATransferCmd                   0x08000dab   Thumb Code    16  stm32f0xx_spi.o(.text)
    SPI_I2S_ITConfig                         0x08000dbb   Thumb Code    34  stm32f0xx_spi.o(.text)
    SPI_GetTransmissionFIFOStatus            0x08000ddd   Thumb Code    12  stm32f0xx_spi.o(.text)
    SPI_GetReceptionFIFOStatus               0x08000de9   Thumb Code    12  stm32f0xx_spi.o(.text)
    SPI_I2S_GetFlagStatus                    0x08000df5   Thumb Code    18  stm32f0xx_spi.o(.text)
    SPI_I2S_ClearFlag                        0x08000e07   Thumb Code     6  stm32f0xx_spi.o(.text)
    SPI_I2S_GetITStatus                      0x08000e0d   Thumb Code    54  stm32f0xx_spi.o(.text)
    USART_DeInit                             0x08000e6d   Thumb Code    56  stm32f0xx_usart.o(.text)
    USART_Init                               0x08000ea5   Thumb Code   230  stm32f0xx_usart.o(.text)
    USART_StructInit                         0x08000f8b   Thumb Code    24  stm32f0xx_usart.o(.text)
    USART_ClockInit                          0x08000fa3   Thumb Code    36  stm32f0xx_usart.o(.text)
    USART_ClockStructInit                    0x08000fc7   Thumb Code    12  stm32f0xx_usart.o(.text)
    USART_Cmd                                0x08000fd3   Thumb Code    24  stm32f0xx_usart.o(.text)
    USART_DirectionModeCmd                   0x08000feb   Thumb Code    20  stm32f0xx_usart.o(.text)
    USART_OverSampling8Cmd                   0x08000fff   Thumb Code    28  stm32f0xx_usart.o(.text)
    USART_OneBitMethodCmd                    0x0800101b   Thumb Code    28  stm32f0xx_usart.o(.text)
    USART_MSBFirstCmd                        0x08001037   Thumb Code    28  stm32f0xx_usart.o(.text)
    USART_DataInvCmd                         0x08001053   Thumb Code    28  stm32f0xx_usart.o(.text)
    USART_InvPinCmd                          0x0800106f   Thumb Code    20  stm32f0xx_usart.o(.text)
    USART_SWAPPinCmd                         0x08001083   Thumb Code    28  stm32f0xx_usart.o(.text)
    USART_ReceiverTimeOutCmd                 0x0800109f   Thumb Code    28  stm32f0xx_usart.o(.text)
    USART_SetReceiverTimeOut                 0x080010bb   Thumb Code    16  stm32f0xx_usart.o(.text)
    USART_SetPrescaler                       0x080010cb   Thumb Code    18  stm32f0xx_usart.o(.text)
    USART_STOPModeCmd                        0x080010dd   Thumb Code    24  stm32f0xx_usart.o(.text)
    USART_StopModeWakeUpSourceConfig         0x080010f5   Thumb Code    18  stm32f0xx_usart.o(.text)
    USART_AutoBaudRateCmd                    0x08001107   Thumb Code    28  stm32f0xx_usart.o(.text)
    USART_AutoBaudRateConfig                 0x08001123   Thumb Code    18  stm32f0xx_usart.o(.text)
    USART_AutoBaudRateNewRequest             0x08001135   Thumb Code    12  stm32f0xx_usart.o(.text)
    USART_SendData                           0x08001141   Thumb Code     8  stm32f0xx_usart.o(.text)
    USART_ReceiveData                        0x08001149   Thumb Code    10  stm32f0xx_usart.o(.text)
    USART_SetAddress                         0x08001153   Thumb Code    18  stm32f0xx_usart.o(.text)
    USART_MuteModeCmd                        0x08001165   Thumb Code    28  stm32f0xx_usart.o(.text)
    USART_MuteModeWakeUpConfig               0x08001181   Thumb Code    18  stm32f0xx_usart.o(.text)
    USART_AddressDetectionConfig             0x08001193   Thumb Code    16  stm32f0xx_usart.o(.text)
    USART_LINBreakDetectLengthConfig         0x080011a3   Thumb Code    16  stm32f0xx_usart.o(.text)
    USART_LINCmd                             0x080011b3   Thumb Code    28  stm32f0xx_usart.o(.text)
    USART_HalfDuplexCmd                      0x080011cf   Thumb Code    24  stm32f0xx_usart.o(.text)
    USART_SetGuardTime                       0x080011e7   Thumb Code    16  stm32f0xx_usart.o(.text)
    USART_SmartCardCmd                       0x080011f7   Thumb Code    24  stm32f0xx_usart.o(.text)
    USART_SmartCardNACKCmd                   0x0800120f   Thumb Code    24  stm32f0xx_usart.o(.text)
    USART_SetAutoRetryCount                  0x08001227   Thumb Code    20  stm32f0xx_usart.o(.text)
    USART_SetBlockLength                     0x0800123b   Thumb Code    30  stm32f0xx_usart.o(.text)
    USART_IrDAConfig                         0x08001259   Thumb Code    16  stm32f0xx_usart.o(.text)
    USART_IrDACmd                            0x08001269   Thumb Code    24  stm32f0xx_usart.o(.text)
    USART_DECmd                              0x08001281   Thumb Code    28  stm32f0xx_usart.o(.text)
    USART_DEPolarityConfig                   0x0800129d   Thumb Code    18  stm32f0xx_usart.o(.text)
    USART_SetDEAssertionTime                 0x080012af   Thumb Code    20  stm32f0xx_usart.o(.text)
    USART_SetDEDeassertionTime               0x080012c3   Thumb Code    20  stm32f0xx_usart.o(.text)
    USART_DMACmd                             0x080012d7   Thumb Code    20  stm32f0xx_usart.o(.text)
    USART_DMAReceptionErrorConfig            0x080012eb   Thumb Code    18  stm32f0xx_usart.o(.text)
    USART_ITConfig                           0x080012fd   Thumb Code    66  stm32f0xx_usart.o(.text)
    USART_RequestCmd                         0x0800133f   Thumb Code    20  stm32f0xx_usart.o(.text)
    USART_OverrunDetectionConfig             0x08001353   Thumb Code    18  stm32f0xx_usart.o(.text)
    USART_GetFlagStatus                      0x08001365   Thumb Code    18  stm32f0xx_usart.o(.text)
    USART_ClearFlag                          0x08001377   Thumb Code     4  stm32f0xx_usart.o(.text)
    USART_GetITStatus                        0x0800137b   Thumb Code    78  stm32f0xx_usart.o(.text)
    USART_ClearITPendingBit                  0x080013c9   Thumb Code    18  stm32f0xx_usart.o(.text)
    EXTI_DeInit                              0x080013dd   Thumb Code    20  stm32f0xx_exti.o(.text)
    EXTI_Init                                0x080013f1   Thumb Code   132  stm32f0xx_exti.o(.text)
    EXTI_StructInit                          0x08001475   Thumb Code    16  stm32f0xx_exti.o(.text)
    EXTI_GenerateSWInterrupt                 0x08001485   Thumb Code    12  stm32f0xx_exti.o(.text)
    EXTI_GetFlagStatus                       0x08001491   Thumb Code    20  stm32f0xx_exti.o(.text)
    EXTI_ClearFlag                           0x080014a5   Thumb Code     6  stm32f0xx_exti.o(.text)
    EXTI_GetITStatus                         0x080014ab   Thumb Code    34  stm32f0xx_exti.o(.text)
    EXTI_ClearITPendingBit                   0x080014cd   Thumb Code     6  stm32f0xx_exti.o(.text)
    I2C_DeInit                               0x080014e1   Thumb Code    50  stm32f0xx_i2c.o(.text)
    I2C_Init                                 0x08001513   Thumb Code    98  stm32f0xx_i2c.o(.text)
    I2C_StructInit                           0x08001575   Thumb Code    24  stm32f0xx_i2c.o(.text)
    I2C_Cmd                                  0x0800158d   Thumb Code    24  stm32f0xx_i2c.o(.text)
    I2C_SoftwareResetCmd                     0x080015a5   Thumb Code    28  stm32f0xx_i2c.o(.text)
    I2C_ITConfig                             0x080015c1   Thumb Code    20  stm32f0xx_i2c.o(.text)
    I2C_StretchClockCmd                      0x080015d5   Thumb Code    28  stm32f0xx_i2c.o(.text)
    I2C_StopModeCmd                          0x080015f1   Thumb Code    28  stm32f0xx_i2c.o(.text)
    I2C_DualAddressCmd                       0x0800160d   Thumb Code    28  stm32f0xx_i2c.o(.text)
    I2C_OwnAddress2Config                    0x08001629   Thumb Code    32  stm32f0xx_i2c.o(.text)
    I2C_GeneralCallCmd                       0x08001649   Thumb Code    28  stm32f0xx_i2c.o(.text)
    I2C_SlaveByteControlCmd                  0x08001665   Thumb Code    28  stm32f0xx_i2c.o(.text)
    I2C_SlaveAddressConfig                   0x08001681   Thumb Code    20  stm32f0xx_i2c.o(.text)
    I2C_10BitAddressingModeCmd               0x08001695   Thumb Code    28  stm32f0xx_i2c.o(.text)
    I2C_AutoEndCmd                           0x080016b1   Thumb Code    28  stm32f0xx_i2c.o(.text)
    I2C_ReloadCmd                            0x080016cd   Thumb Code    28  stm32f0xx_i2c.o(.text)
    I2C_NumberOfBytesConfig                  0x080016e9   Thumb Code    28  stm32f0xx_i2c.o(.text)
    I2C_MasterRequestConfig                  0x08001705   Thumb Code    28  stm32f0xx_i2c.o(.text)
    I2C_GenerateSTART                        0x08001721   Thumb Code    28  stm32f0xx_i2c.o(.text)
    I2C_GenerateSTOP                         0x0800173d   Thumb Code    28  stm32f0xx_i2c.o(.text)
    I2C_10BitAddressHeaderCmd                0x08001759   Thumb Code    28  stm32f0xx_i2c.o(.text)
    I2C_AcknowledgeConfig                    0x08001775   Thumb Code    28  stm32f0xx_i2c.o(.text)
    I2C_GetAddressMatched                    0x08001791   Thumb Code    14  stm32f0xx_i2c.o(.text)
    I2C_GetTransferDirection                 0x0800179f   Thumb Code    30  stm32f0xx_i2c.o(.text)
    I2C_TransferHandling                     0x080017bd   Thumb Code    38  stm32f0xx_i2c.o(.text)
    I2C_SMBusAlertCmd                        0x080017e3   Thumb Code    28  stm32f0xx_i2c.o(.text)
    I2C_ClockTimeoutCmd                      0x080017ff   Thumb Code    28  stm32f0xx_i2c.o(.text)
    I2C_ExtendedClockTimeoutCmd              0x0800181b   Thumb Code    26  stm32f0xx_i2c.o(.text)
    I2C_IdleClockTimeoutCmd                  0x08001835   Thumb Code    28  stm32f0xx_i2c.o(.text)
    I2C_TimeoutAConfig                       0x08001851   Thumb Code    20  stm32f0xx_i2c.o(.text)
    I2C_TimeoutBConfig                       0x08001865   Thumb Code    26  stm32f0xx_i2c.o(.text)
    I2C_CalculatePEC                         0x0800187f   Thumb Code    28  stm32f0xx_i2c.o(.text)
    I2C_PECRequestCmd                        0x0800189b   Thumb Code    28  stm32f0xx_i2c.o(.text)
    I2C_GetPEC                               0x080018b7   Thumb Code     8  stm32f0xx_i2c.o(.text)
    I2C_ReadRegister                         0x080018bf   Thumb Code    38  stm32f0xx_i2c.o(.text)
    I2C_SendData                             0x080018e5   Thumb Code     4  stm32f0xx_i2c.o(.text)
    I2C_ReceiveData                          0x080018e9   Thumb Code     8  stm32f0xx_i2c.o(.text)
    I2C_DMACmd                               0x080018f1   Thumb Code    20  stm32f0xx_i2c.o(.text)
    I2C_GetFlagStatus                        0x08001905   Thumb Code    28  stm32f0xx_i2c.o(.text)
    I2C_ClearFlag                            0x08001921   Thumb Code     4  stm32f0xx_i2c.o(.text)
    I2C_GetITStatus                          0x08001925   Thumb Code    28  stm32f0xx_i2c.o(.text)
    I2C_ClearITPendingBit                    0x08001941   Thumb Code     4  stm32f0xx_i2c.o(.text)
    NVIC_Init                                0x08001945   Thumb Code   106  stm32f0xx_misc.o(.text)
    NVIC_SystemLPConfig                      0x080019af   Thumb Code    28  stm32f0xx_misc.o(.text)
    SysTick_CLKSourceConfig                  0x080019cb   Thumb Code    32  stm32f0xx_misc.o(.text)
    SYSCFG_DeInit                            0x080019f9   Thumb Code    40  stm32f0xx_syscfg.o(.text)
    SYSCFG_MemoryRemapConfig                 0x08001a21   Thumb Code    24  stm32f0xx_syscfg.o(.text)
    SYSCFG_DMAChannelRemapConfig             0x08001a39   Thumb Code    28  stm32f0xx_syscfg.o(.text)
    SYSCFG_I2CFastModePlusConfig             0x08001a55   Thumb Code    28  stm32f0xx_syscfg.o(.text)
    SYSCFG_EXTILineConfig                    0x08001a71   Thumb Code    66  stm32f0xx_syscfg.o(.text)
    SYSCFG_BreakConfig                       0x08001ab3   Thumb Code    12  stm32f0xx_syscfg.o(.text)
    SYSCFG_GetFlagStatus                     0x08001abf   Thumb Code    24  stm32f0xx_syscfg.o(.text)
    SYSCFG_ClearFlag                         0x08001ad7   Thumb Code    12  stm32f0xx_syscfg.o(.text)
    LED_Init                                 0x08001ae9   Thumb Code    38  led.o(.text)
    LED_ON                                   0x08001b0f   Thumb Code    14  led.o(.text)
    LED_OFF                                  0x08001b1d   Thumb Code    14  led.o(.text)
    delay_ms                                 0x08001b2d   Thumb Code    56  delay.o(.text)
    Delay_Init                               0x08001b65   Thumb Code    52  delay.o(.text)
    delay_us                                 0x08001b99   Thumb Code    56  delay.o(.text)
    LIS3DH_ReadReg                           0x08001bdd   Thumb Code    18  lis3dh_driver.o(.text)
    LIS3DH_WriteReg                          0x08001bef   Thumb Code    16  lis3dh_driver.o(.text)
    LIS3DH_GetWHO_AM_I                       0x08001bff   Thumb Code    22  lis3dh_driver.o(.text)
    LIS3DH_GetStatusAUX                      0x08001c15   Thumb Code    22  lis3dh_driver.o(.text)
    LIS3DH_GetStatusAUXBit                   0x08001c2b   Thumb Code   264  lis3dh_driver.o(.text)
    LIS3DH_SetODR                            0x08001d33   Thumb Code    60  lis3dh_driver.o(.text)
    LIS3DH_SetTemperature                    0x08001d6f   Thumb Code    60  lis3dh_driver.o(.text)
    LIS3DH_SetADCAux                         0x08001dab   Thumb Code    60  lis3dh_driver.o(.text)
    LIS3DH_GetAuxRaw                         0x08001de7   Thumb Code   158  lis3dh_driver.o(.text)
    LIS3DH_GetTempRaw                        0x08001e85   Thumb Code    44  lis3dh_driver.o(.text)
    LIS3DH_SetMode                           0x08001eb1   Thumb Code   206  lis3dh_driver.o(.text)
    LIS3DH_SetAxis                           0x08001f7f   Thumb Code    60  lis3dh_driver.o(.text)
    LIS3DH_SetFullScale                      0x08001fbb   Thumb Code    60  lis3dh_driver.o(.text)
    LIS3DH_SetBDU                            0x08001ff7   Thumb Code    60  lis3dh_driver.o(.text)
    LIS3DH_SetBLE                            0x08002033   Thumb Code    60  lis3dh_driver.o(.text)
    LIS3DH_SetSelfTest                       0x0800206f   Thumb Code    60  lis3dh_driver.o(.text)
    LIS3DH_HPFClickEnable                    0x080020ab   Thumb Code    60  lis3dh_driver.o(.text)
    LIS3DH_HPFAOI1Enable                     0x080020e7   Thumb Code    54  lis3dh_driver.o(.text)
    LIS3DH_HPFAOI2Enable                     0x0800211d   Thumb Code    60  lis3dh_driver.o(.text)
    LIS3DH_SetHPFMode                        0x08002159   Thumb Code    60  lis3dh_driver.o(.text)
    LIS3DH_SetHPFCutOFF                      0x08002195   Thumb Code    68  lis3dh_driver.o(.text)
    LIS3DH_SetFilterDataSel                  0x080021d9   Thumb Code    60  lis3dh_driver.o(.text)
    LIS3DH_SetInt1Pin                        0x08002215   Thumb Code    48  lis3dh_driver.o(.text)
    LIS3DH_SetInt2Pin                        0x08002245   Thumb Code    48  lis3dh_driver.o(.text)
    LIS3DH_SetClickCFG                       0x08002275   Thumb Code    54  lis3dh_driver.o(.text)
    LIS3DH_SetClickTHS                       0x080022ab   Thumb Code    36  lis3dh_driver.o(.text)
    LIS3DH_SetClickLIMIT                     0x080022cf   Thumb Code    30  lis3dh_driver.o(.text)
    LIS3DH_SetClickLATENCY                   0x080022ed   Thumb Code    22  lis3dh_driver.o(.text)
    LIS3DH_SetClickWINDOW                    0x08002303   Thumb Code    22  lis3dh_driver.o(.text)
    LIS3DH_GetClickResponse                  0x08002319   Thumb Code   296  lis3dh_driver.o(.text)
    LIS3DH_Int1LatchEnable                   0x08002441   Thumb Code    60  lis3dh_driver.o(.text)
    LIS3DH_ResetInt1Latch                    0x0800247d   Thumb Code    20  lis3dh_driver.o(.text)
    LIS3DH_SetIntConfiguration               0x08002491   Thumb Code    54  lis3dh_driver.o(.text)
    LIS3DH_SetIntMode                        0x080024c7   Thumb Code    60  lis3dh_driver.o(.text)
    LIS3DH_SetInt6D4DConfiguration           0x08002503   Thumb Code   186  lis3dh_driver.o(.text)
    LIS3DH_Get6DPosition                     0x080025bd   Thumb Code   104  lis3dh_driver.o(.text)
    LIS3DH_SetInt1Threshold                  0x08002625   Thumb Code    30  lis3dh_driver.o(.text)
    LIS3DH_SetInt1Duration                   0x08002643   Thumb Code    30  lis3dh_driver.o(.text)
    LIS3DH_FIFOModeEnable                    0x08002661   Thumb Code   520  lis3dh_driver.o(.text)
    LIS3DH_SetTriggerInt                     0x08002869   Thumb Code    60  lis3dh_driver.o(.text)
    LIS3DH_SetWaterMark                      0x080028a5   Thumb Code    62  lis3dh_driver.o(.text)
    LIS3DH_GetStatusReg                      0x080028e3   Thumb Code    22  lis3dh_driver.o(.text)
    LIS3DH_GetStatusBit                      0x080028f9   Thumb Code   268  lis3dh_driver.o(.text)
    LIS3DH_GetAccAxesRaw                     0x08002a05   Thumb Code   120  lis3dh_driver.o(.text)
    LIS3DH_GetInt1Src                        0x08002a7d   Thumb Code    22  lis3dh_driver.o(.text)
    LIS3DH_GetInt1SrcBit                     0x08002a93   Thumb Code   234  lis3dh_driver.o(.text)
    LIS3DH_GetFifoSourceReg                  0x08002b7d   Thumb Code    22  lis3dh_driver.o(.text)
    LIS3DH_GetFifoSourceBit                  0x08002b93   Thumb Code   120  lis3dh_driver.o(.text)
    LIS3DH_GetFifoSourceFSS                  0x08002c0b   Thumb Code    38  lis3dh_driver.o(.text)
    LIS3DH_SetSPIInterface                   0x08002c31   Thumb Code    54  lis3dh_driver.o(.text)
    SPI_Mems_Init                            0x08002c69   Thumb Code   134  spi_mems.o(.text)
    SPI_Mems_DeInit                          0x08002cef   Thumb Code    52  spi_mems.o(.text)
    SPI_Mems_SendByte                        0x08002d23   Thumb Code    50  spi_mems.o(.text)
    SPI_Mems_Read_Reg                        0x08002d55   Thumb Code    36  spi_mems.o(.text)
    SPI_Mems_Write_Reg                       0x08002d79   Thumb Code    28  spi_mems.o(.text)
    SPI_Read_MultiData                       0x08002d95   Thumb Code    50  spi_mems.o(.text)
    SPI_Read_MultiData_Raw                   0x08002dc7   Thumb Code    44  spi_mems.o(.text)
    SPI_Write_MultiData_Raw                  0x08002df3   Thumb Code    44  spi_mems.o(.text)
    STM_EVAL_LEDInit                         0x08002e41   Thumb Code    68  stm320518_eval.o(.text)
    STM_EVAL_LEDOn                           0x08002e85   Thumb Code    16  stm320518_eval.o(.text)
    STM_EVAL_LEDOff                          0x08002e95   Thumb Code    16  stm320518_eval.o(.text)
    STM_EVAL_LEDToggle                       0x08002ea5   Thumb Code    26  stm320518_eval.o(.text)
    STM_EVAL_PBInit                          0x08002ebf   Thumb Code   142  stm320518_eval.o(.text)
    STM_EVAL_PBGetState                      0x08002f4d   Thumb Code    22  stm320518_eval.o(.text)
    STM_EVAL_COMInit                         0x08002f63   Thumb Code   160  stm320518_eval.o(.text)
    SD_LowLevel_DeInit                       0x08003003   Thumb Code   102  stm320518_eval.o(.text)
    SD_LowLevel_Init                         0x08003069   Thumb Code   242  stm320518_eval.o(.text)
    LM75_LowLevel_DeInit                     0x0800315b   Thumb Code    72  stm320518_eval.o(.text)
    LM75_LowLevel_Init                       0x080031a3   Thumb Code   108  stm320518_eval.o(.text)
    sEE_LowLevel_DeInit                      0x0800320f   Thumb Code   166  stm320518_eval.o(.text)
    sEE_LowLevel_Init                        0x080032b5   Thumb Code    86  stm320518_eval.o(.text)
    Reset_Handler                            0x08003311   Thumb Code     8  startup_stm32f0xx_ld.o(.text)
    NMI_Handler                              0x08003319   Thumb Code     2  startup_stm32f0xx_ld.o(.text)
    HardFault_Handler                        0x0800331b   Thumb Code     2  startup_stm32f0xx_ld.o(.text)
    SVC_Handler                              0x0800331d   Thumb Code     2  startup_stm32f0xx_ld.o(.text)
    PendSV_Handler                           0x0800331f   Thumb Code     2  startup_stm32f0xx_ld.o(.text)
    SysTick_Handler                          0x08003321   Thumb Code     2  startup_stm32f0xx_ld.o(.text)
    ADC1_IRQHandler                          0x08003323   Thumb Code     0  startup_stm32f0xx_ld.o(.text)
    DMA1_Channel1_IRQHandler                 0x08003323   Thumb Code     0  startup_stm32f0xx_ld.o(.text)
    DMA1_Channel2_3_IRQHandler               0x08003323   Thumb Code     0  startup_stm32f0xx_ld.o(.text)
    DMA1_Channel4_5_IRQHandler               0x08003323   Thumb Code     0  startup_stm32f0xx_ld.o(.text)
    EXTI0_1_IRQHandler                       0x08003323   Thumb Code     0  startup_stm32f0xx_ld.o(.text)
    EXTI2_3_IRQHandler                       0x08003323   Thumb Code     0  startup_stm32f0xx_ld.o(.text)
    EXTI4_15_IRQHandler                      0x08003323   Thumb Code     0  startup_stm32f0xx_ld.o(.text)
    FLASH_IRQHandler                         0x08003323   Thumb Code     0  startup_stm32f0xx_ld.o(.text)
    I2C1_IRQHandler                          0x08003323   Thumb Code     0  startup_stm32f0xx_ld.o(.text)
    PVD_IRQHandler                           0x08003323   Thumb Code     0  startup_stm32f0xx_ld.o(.text)
    RCC_IRQHandler                           0x08003323   Thumb Code     0  startup_stm32f0xx_ld.o(.text)
    RTC_IRQHandler                           0x08003323   Thumb Code     0  startup_stm32f0xx_ld.o(.text)
    SPI1_IRQHandler                          0x08003323   Thumb Code     0  startup_stm32f0xx_ld.o(.text)
    TIM14_IRQHandler                         0x08003323   Thumb Code     0  startup_stm32f0xx_ld.o(.text)
    TIM16_IRQHandler                         0x08003323   Thumb Code     0  startup_stm32f0xx_ld.o(.text)
    TIM17_IRQHandler                         0x08003323   Thumb Code     0  startup_stm32f0xx_ld.o(.text)
    TIM1_BRK_UP_TRG_COM_IRQHandler           0x08003323   Thumb Code     0  startup_stm32f0xx_ld.o(.text)
    TIM1_CC_IRQHandler                       0x08003323   Thumb Code     0  startup_stm32f0xx_ld.o(.text)
    TIM2_IRQHandler                          0x08003323   Thumb Code     0  startup_stm32f0xx_ld.o(.text)
    TIM3_IRQHandler                          0x08003323   Thumb Code     0  startup_stm32f0xx_ld.o(.text)
    USART1_IRQHandler                        0x08003323   Thumb Code     0  startup_stm32f0xx_ld.o(.text)
    WWDG_IRQHandler                          0x08003323   Thumb Code     0  startup_stm32f0xx_ld.o(.text)
    SystemInit                               0x080033f5   Thumb Code   110  system_stm32f0xx.o(.text)
    SystemCoreClockUpdate                    0x08003463   Thumb Code   154  system_stm32f0xx.o(.text)
    __aeabi_uidiv                            0x0800351d   Thumb Code     0  uidiv.o(.text)
    __aeabi_uidivmod                         0x0800351d   Thumb Code    44  uidiv.o(.text)
    __scatterload                            0x08003549   Thumb Code    28  init.o(.text)
    __scatterload_rt2                        0x08003549   Thumb Code     0  init.o(.text)
    __0printf$6                              0x0800356d   Thumb Code    24  printf6.o(i.__0printf$6)
    __1printf$6                              0x0800356d   Thumb Code     0  printf6.o(i.__0printf$6)
    __2printf                                0x0800356d   Thumb Code     0  printf6.o(i.__0printf$6)
    __scatterload_copy                       0x0800358d   Thumb Code    14  handlers.o(i.__scatterload_copy)
    __scatterload_null                       0x0800359b   Thumb Code     2  handlers.o(i.__scatterload_null)
    __scatterload_zeroinit                   0x0800359d   Thumb Code    14  handlers.o(i.__scatterload_zeroinit)
    GPIO_PIN                                 0x080038fc   Data           8  stm320518_eval.o(.constdata)
    GPIO_CLK                                 0x08003904   Data          16  stm320518_eval.o(.constdata)
    BUTTON_PIN                               0x08003914   Data          14  stm320518_eval.o(.constdata)
    BUTTON_CLK                               0x08003924   Data          28  stm320518_eval.o(.constdata)
    BUTTON_EXTI_LINE                         0x08003940   Data          14  stm320518_eval.o(.constdata)
    BUTTON_PORT_SOURCE                       0x0800394e   Data           7  stm320518_eval.o(.constdata)
    BUTTON_PIN_SOURCE                        0x08003955   Data           7  stm320518_eval.o(.constdata)
    BUTTON_IRQn                              0x0800395c   Data           7  stm320518_eval.o(.constdata)
    COM_USART_CLK                            0x08003964   Data           4  stm320518_eval.o(.constdata)
    COM_TX_PORT_CLK                          0x08003968   Data           4  stm320518_eval.o(.constdata)
    COM_RX_PORT_CLK                          0x0800396c   Data           4  stm320518_eval.o(.constdata)
    COM_TX_PIN                               0x08003970   Data           2  stm320518_eval.o(.constdata)
    COM_RX_PIN                               0x08003972   Data           2  stm320518_eval.o(.constdata)
    COM_TX_PIN_SOURCE                        0x08003974   Data           1  stm320518_eval.o(.constdata)
    COM_RX_PIN_SOURCE                        0x08003975   Data           1  stm320518_eval.o(.constdata)
    COM_TX_AF                                0x08003976   Data           1  stm320518_eval.o(.constdata)
    COM_RX_AF                                0x08003977   Data           1  stm320518_eval.o(.constdata)
    Region$$Table$$Base                      0x08003978   Number         0  anon$$obj.o(Region$$Table)
    Region$$Table$$Limit                     0x08003998   Number         0  anon$$obj.o(Region$$Table)
    cnt                                      0x20000000   Data           2  main.o(.data)
    response                                 0x20000002   Data           1  example_main.o(.data)
    fac_ms                                   0x20000014   Data           2  delay.o(.data)
    fac_us                                   0x20000016   Data           1  delay.o(.data)
    GPIO_PORT                                0x20000018   Data          16  stm320518_eval.o(.data)
    BUTTON_PORT                              0x20000028   Data          28  stm320518_eval.o(.data)
    COM_USART                                0x20000044   Data           4  stm320518_eval.o(.data)
    COM_TX_PORT                              0x20000048   Data           4  stm320518_eval.o(.data)
    COM_RX_PORT                              0x2000004c   Data           4  stm320518_eval.o(.data)
    SystemCoreClock                          0x20000050   Data           4  system_stm32f0xx.o(.data)
    AHBPrescTable                            0x20000054   Data          16  system_stm32f0xx.o(.data)
    __stdout                                 0x20000064   Data           4  stdout.o(.data)
    USART_InitStructure                      0x20000068   Data          24  main.o(.bss)
    __initial_sp                             0x20000480   Data           0  startup_stm32f0xx_ld.o(STACK)



==============================================================================

Memory Map of the image

  Image Entry point : 0x080000b1

  Load Region LR_IROM1 (Base: 0x08000000, Size: 0x00003a00, Max: 0x00004000, ABSOLUTE)

    Execution Region ER_IROM1 (Base: 0x08000000, Size: 0x00003998, Max: 0x00004000, ABSOLUTE)

    Base Addr    Size         Type   Attr      Idx    E Section Name        Object

    0x08000000   0x000000b0   Data   RO          452    RESET               startup_stm32f0xx_ld.o
    0x080000b0   0x00000000   Code   RO          483  * .ARM.Collect$$$$00000000  mc_p.l(entry.o)
    0x080000b0   0x00000004   Code   RO          749    .ARM.Collect$$$$00000001  mc_p.l(entry2.o)
    0x080000b4   0x00000004   Code   RO          752    .ARM.Collect$$$$00000004  mc_p.l(entry5.o)
    0x080000b8   0x00000000   Code   RO          754    .ARM.Collect$$$$00000008  mc_p.l(entry7b.o)
    0x080000b8   0x00000008   Code   RO          755    .ARM.Collect$$$$00000009  mc_p.l(entry8.o)
    0x080000c0   0x00000004   Code   RO          750    .ARM.Collect$$$$00002712  mc_p.l(entry2.o)
    0x080000c4   0x000000f4   Code   RO            3    .text               main.o
    0x080001b8   0x00000130   Code   RO          141    .text               example_main.o
    0x080002e8   0x000001e0   Code   RO          181    .text               stm32f0xx_gpio.o
    0x080004c8   0x000005ec   Code   RO          201    .text               stm32f0xx_rcc.o
    0x08000ab4   0x000003b8   Code   RO          223    .text               stm32f0xx_spi.o
    0x08000e6c   0x0000056e   Code   RO          243    .text               stm32f0xx_usart.o
    0x080013da   0x00000002   PAD
    0x080013dc   0x00000104   Code   RO          263    .text               stm32f0xx_exti.o
    0x080014e0   0x00000464   Code   RO          283    .text               stm32f0xx_i2c.o
    0x08001944   0x000000b4   Code   RO          303    .text               stm32f0xx_misc.o
    0x080019f8   0x000000f0   Code   RO          323    .text               stm32f0xx_syscfg.o
    0x08001ae8   0x00000042   Code   RO          343    .text               led.o
    0x08001b2a   0x00000002   PAD
    0x08001b2c   0x000000b0   Code   RO          363    .text               delay.o
    0x08001bdc   0x0000108a   Code   RO          387    .text               lis3dh_driver.o
    0x08002c66   0x00000002   PAD
    0x08002c68   0x000001d8   Code   RO          402    .text               spi_mems.o
    0x08002e40   0x000004d0   Code   RO          428    .text               stm320518_eval.o
    0x08003310   0x0000001c   Code   RO          453    .text               startup_stm32f0xx_ld.o
    0x0800332c   0x000001f0   Code   RO          459    .text               system_stm32f0xx.o
    0x0800351c   0x0000002c   Code   RO          486    .text               mc_p.l(uidiv.o)
    0x08003548   0x00000024   Code   RO          770    .text               mc_p.l(init.o)
    0x0800356c   0x00000020   Code   RO          643    i.__0printf$6       mc_p.l(printf6.o)
    0x0800358c   0x0000000e   Code   RO          784    i.__scatterload_copy  mc_p.l(handlers.o)
    0x0800359a   0x00000002   Code   RO          785    i.__scatterload_null  mc_p.l(handlers.o)
    0x0800359c   0x0000000e   Code   RO          786    i.__scatterload_zeroinit  mc_p.l(handlers.o)
    0x080035aa   0x00000002   PAD
    0x080035ac   0x00000304   Code   RO          650    i._printf_core      mc_p.l(printf6.o)
    0x080038b0   0x00000020   Code   RO          651    i._printf_post_padding  mc_p.l(printf6.o)
    0x080038d0   0x0000002c   Code   RO          652    i._printf_pre_padding  mc_p.l(printf6.o)
    0x080038fc   0x0000007c   Data   RO          429    .constdata          stm320518_eval.o
    0x08003978   0x00000020   Data   RO          782    Region$$Table       anon$$obj.o


    Execution Region RW_IRAM1 (Base: 0x20000000, Size: 0x00000480, Max: 0x00001000, ABSOLUTE)

    Base Addr    Size         Type   Attr      Idx    E Section Name        Object

    0x20000000   0x00000002   Data   RW            5    .data               main.o
    0x20000002   0x00000001   Data   RW          143    .data               example_main.o
    0x20000003   0x00000010   Data   RW          202    .data               stm32f0xx_rcc.o
    0x20000013   0x00000001   PAD
    0x20000014   0x00000003   Data   RW          364    .data               delay.o
    0x20000017   0x00000001   Data   RW          388    .data               lis3dh_driver.o
    0x20000018   0x00000038   Data   RW          430    .data               stm320518_eval.o
    0x20000050   0x00000014   Data   RW          460    .data               system_stm32f0xx.o
    0x20000064   0x00000004   Data   RW          756    .data               mc_p.l(stdout.o)
    0x20000068   0x00000018   Zero   RW            4    .bss                main.o
    0x20000080   0x00000400   Zero   RW          450    STACK               startup_stm32f0xx_ld.o


==============================================================================

Image component sizes


      Code (inc. data)   RO Data    RW Data    ZI Data      Debug   Object Name

       176         12          0          3          0        915   delay.o
       304        140          0          1          0       9020   example_main.o
        66          0          0          0          0        614   led.o
      4234          6          0          1          0      14877   lis3dh_driver.o
       244         24          0          2         24     138115   main.o
       472          6          0          0          0       3857   spi_mems.o
        28          8        176          0       1024        560   startup_stm32f0xx_ld.o
      1232        110        124         56          0       4784   stm320518_eval.o
       260         14          0          0          0       2019   stm32f0xx_exti.o
       480         22          0          0          0       3433   stm32f0xx_gpio.o
      1124         26          0          0          0       9442   stm32f0xx_i2c.o
       180         14          0          0          0       1136   stm32f0xx_misc.o
      1516         44          0         16          0       8178   stm32f0xx_rcc.o
       952         42          0          0          0       7375   stm32f0xx_spi.o
       240          6          0          0          0       1902   stm32f0xx_syscfg.o
      1390         12          0          0          0      11815   stm32f0xx_usart.o
       496         32          0         20          0       1479   system_stm32f0xx.o

    ----------------------------------------------------------------------
     13400        518        332        100       1048     219521   Object Totals
         0          0         32          0          0          0   (incl. Generated)
         6          0          0          1          0          0   (incl. Padding)

    ----------------------------------------------------------------------

      Code (inc. data)   RO Data    RW Data    ZI Data      Debug   Library Member Name

         0          0          0          0          0          0   entry.o
         8          4          0          0          0          0   entry2.o
         4          0          0          0          0          0   entry5.o
         0          0          0          0          0          0   entry7b.o
         8          4          0          0          0          0   entry8.o
        30          0          0          0          0          0   handlers.o
        36          8          0          0          0         68   init.o
       880         12          0          0          0        320   printf6.o
         0          0          0          4          0          0   stdout.o
        44          0          0          0          0         72   uidiv.o

    ----------------------------------------------------------------------
      1012         28          0          4          0        460   Library Totals
         2          0          0          0          0          0   (incl. Padding)

    ----------------------------------------------------------------------

      Code (inc. data)   RO Data    RW Data    ZI Data      Debug   Library Name

      1010         28          0          4          0        460   mc_p.l

    ----------------------------------------------------------------------
      1012         28          0          4          0        460   Library Totals

    ----------------------------------------------------------------------

==============================================================================


      Code (inc. data)   RO Data    RW Data    ZI Data      Debug   

     14412        546        332        104       1048     218477   Grand Totals
     14412        546        332        104       1048     218477   ELF Image Totals
     14412        546        332        104          0          0   ROM Totals

==============================================================================

    Total RO  Size (Code + RO Data)                14744 (  14.40kB)
    Total RW  Size (RW Data + ZI Data)              1152 (   1.13kB)
    Total ROM Size (Code + RO Data + RW Data)      14848 (  14.50kB)

==============================================================================

